Component: Arm Compiler for Embedded 6.19 Tool: armlink [5e73cb00]

==============================================================================

Section Cross References

    main.o(.text.main) refers to app_function.o(.text.MAIN_APP) for MAIN_APP
    main.o(.ARM.exidx.text.main) refers to main.o(.text.main) for [Anonymous Symbol]
    app_function.o(.text.MAIN_APP) refers to clock.o(.text.SOSC_Init_8Mhz) for SOSC_Init_8Mhz
    app_function.o(.text.MAIN_APP) refers to clock.o(.text.SPLL_Init) for SPLL_Init
    app_function.o(.text.MAIN_APP) refers to clock.o(.text.Run_Mode_Clock) for Run_Mode_Clock
    app_function.o(.text.MAIN_APP) refers to softtimer.o(.text.Softtimer_Init) for Softtimer_Init
    app_function.o(.text.MAIN_APP) refers to lpuart.o(.text.Uart_Init) for Uart_Init
    app_function.o(.text.MAIN_APP) refers to lpspi.o(.text.SPI1_Init) for SPI1_Init
    app_function.o(.text.MAIN_APP) refers to lpit.o(.text.LPIT_Init) for LPIT_Init
    app_function.o(.text.MAIN_APP) refers to app_function.o(.text.APP_Init) for APP_Init
    app_function.o(.text.MAIN_APP) refers to led_max7219.o(.text.MAX7219_Init) for MAX7219_Init
    app_function.o(.text.MAIN_APP) refers to app_function.o(.data.LED_ERR) for LED_ERR
    app_function.o(.text.MAIN_APP) refers to lpuart.o(.text.Uart_Transmit) for Uart_Transmit
    app_function.o(.text.MAIN_APP) refers to lpuart.o(.text.Uart_TxMainFunction) for Uart_TxMainFunction
    app_function.o(.text.MAIN_APP) refers to lpit.o(.text.LPIT_Delay_ms) for LPIT_Delay_ms
    app_function.o(.text.MAIN_APP) refers to app_function.o(.bss.GetButton1) for GetButton1
    app_function.o(.text.MAIN_APP) refers to gpio.o(.text.Gpio_GetPinValue) for Gpio_GetPinValue
    app_function.o(.text.MAIN_APP) refers to app_function.o(.bss.GetButton2) for GetButton2
    app_function.o(.text.MAIN_APP) refers to lpuart.o(.text.Uart_GetReceiveState) for Uart_GetReceiveState
    app_function.o(.text.MAIN_APP) refers to app_function.o(.bss.Data_Read) for Data_Read
    app_function.o(.text.MAIN_APP) refers to lpuart.o(.text.Uart_GetReceiveData) for Uart_GetReceiveData
    app_function.o(.text.MAIN_APP) refers to app_function.o(.bss.Length_Data_Read) for Length_Data_Read
    app_function.o(.text.MAIN_APP) refers to app_function.o(.text.ACTION) for ACTION
    app_function.o(.text.MAIN_APP) refers to softtimer.o(.text.Softtimer_MainFunction) for Softtimer_MainFunction
    app_function.o(.ARM.exidx.text.MAIN_APP) refers to app_function.o(.text.MAIN_APP) for [Anonymous Symbol]
    app_function.o(.text.APP_Init) refers to app_function.o(.text.LED_BUTTON_INIT) for LED_BUTTON_INIT
    app_function.o(.text.APP_Init) refers to app_function.o(.bss.Watch) for Watch
    app_function.o(.text.APP_Init) refers to app_function.o(.bss.Data_Read) for Data_Read
    app_function.o(.text.APP_Init) refers to string.o(.text.BufferClear) for BufferClear
    app_function.o(.text.APP_Init) refers to app_function.o(.bss.Time_Mode) for Time_Mode
    app_function.o(.text.APP_Init) refers to app_function.o(.bss.Length_Data_Read) for Length_Data_Read
    app_function.o(.text.APP_Init) refers to app_function.o(.bss.FlagStart) for FlagStart
    app_function.o(.text.APP_Init) refers to app_function.o(.bss.FlagHG) for FlagHG
    app_function.o(.text.APP_Init) refers to app_function.o(.bss.SelectMenu) for SelectMenu
    app_function.o(.text.APP_Init) refers to app_function.o(.bss.SelectPosition) for SelectPosition
    app_function.o(.text.APP_Init) refers to app_function.o(.bss.GetButton1) for GetButton1
    app_function.o(.text.APP_Init) refers to app_function.o(.bss.GetButton2) for GetButton2
    app_function.o(.text.APP_Init) refers to app_function.o(.bss.FlagLedAlarm) for FlagLedAlarm
    app_function.o(.ARM.exidx.text.APP_Init) refers to app_function.o(.text.APP_Init) for [Anonymous Symbol]
    app_function.o(.text.ACTION) refers to app_function.o(.text.Check_Data_UART) for Check_Data_UART
    app_function.o(.text.ACTION) refers to app_function.o(.text.CheckTIMER_Alarm) for CheckTIMER_Alarm
    app_function.o(.text.ACTION) refers to app_function.o(.text.MAIN_MENU) for MAIN_MENU
    app_function.o(.ARM.exidx.text.ACTION) refers to app_function.o(.text.ACTION) for [Anonymous Symbol]
    app_function.o(.text.LED_BUTTON_INIT) refers to gpio.o(.text.Gpio_Init) for Gpio_Init
    app_function.o(.ARM.exidx.text.LED_BUTTON_INIT) refers to app_function.o(.text.LED_BUTTON_INIT) for [Anonymous Symbol]
    app_function.o(.text.Check_Data_UART) refers to app_function.o(.bss.Length_Data_Read) for Length_Data_Read
    app_function.o(.text.Check_Data_UART) refers to app_function.o(.bss.Data_Read) for Data_Read
    app_function.o(.text.Check_Data_UART) refers to app_function.o(.bss.Check_Data_UART.CheckFrame) for Check_Data_UART.CheckFrame
    app_function.o(.text.Check_Data_UART) refers to app_function.o(.text.Decode_Data) for Decode_Data
    app_function.o(.text.Check_Data_UART) refers to app_function.o(.text.CheckAction_START) for CheckAction_START
[...]
    Removing clock.o(.text.EnableClockPortA), (56 bytes).
    Removing clock.o(.ARM.exidx.text.EnableClockPortA), (8 bytes).
    Removing clock.o(.ARM.exidx.text.EnableClockPortB), (8 bytes).
    Removing clock.o(.ARM.exidx.text.EnableClockPortC), (8 bytes).
    Removing clock.o(.ARM.exidx.text.EnableClockPortD), (8 bytes).
    Removing clock.o(.text.EnableClockPortE), (56 bytes).
    Removing clock.o(.ARM.exidx.text.EnableClockPortE), (8 bytes).
    Removing clock.o(.ARM.exidx.text.LPIT_CLK_ENABLE), (8 bytes).
    Removing clock.o(.text.UART0_CLK_ENABLE), (196 bytes).
    Removing clock.o(.ARM.exidx.text.UART0_CLK_ENABLE), (8 bytes).
    Removing clock.o(.ARM.exidx.text.UART1_CLK_ENABLE), (8 bytes).
    Removing clock.o(.text.SPI0_CLK_ENABLE), (196 bytes).
    Removing clock.o(.ARM.exidx.text.SPI0_CLK_ENABLE), (8 bytes).
    Removing clock.o(.ARM.exidx.text.SPI1_CLK_ENABLE), (8 bytes).
    Removing clock.o(.text.SPI2_CLK_ENABLE), (196 bytes).
    Removing clock.o(.ARM.exidx.text.SPI2_CLK_ENABLE), (8 bytes).
    Removing softtimer.o(.text), (0 bytes).
    Removing softtimer.o(.ARM.exidx.text.Softtimer_Init), (8 bytes).
    Removing softtimer.o(.ARM.exidx.text.Softtimer_StartTimer), (8 bytes).
    Removing softtimer.o(.ARM.exidx.text.Softtimer_StopTimer), (8 bytes).
    Removing softtimer.o(.ARM.exidx.text.Softtimer_MainFunction), (8 bytes).
    Removing softtimer.o(.ARM.exidx.text.SysTick_Handler), (8 bytes).
    Removing lpit.o(.text), (0 bytes).
    Removing lpit.o(.ARM.exidx.text.LPIT_Init), (8 bytes).
    Removing lpit.o(.ARM.exidx.text.LPIT0_Ch0_IRQHandler), (8 bytes).
    Removing lpit.o(.ARM.exidx.text.LPIT_Delay_ms), (8 bytes).
    Removing lpuart.o(.text), (0 bytes).
    Removing lpuart.o(.ARM.exidx.text.Uart_Init), (8 bytes).
    Removing lpuart.o(.ARM.exidx.text.UART1_GPIO_Config), (8 bytes).
    Removing lpuart.o(.ARM.exidx.text.Uart_Transmit), (8 bytes).
    Removing lpuart.o(.text.Uart_GetTransmitState), (12 bytes).
    Removing lpuart.o(.ARM.exidx.text.Uart_GetTransmitState), (8 bytes).
    Removing lpuart.o(.ARM.exidx.text.Uart_TxMainFunction), (8 bytes).
    Removing lpuart.o(.ARM.exidx.text.Uart_GetReceiveData), (8 bytes).
    Removing lpuart.o(.ARM.exidx.text.Uart_GetReceiveState), (8 bytes).
    Removing lpuart.o(.ARM.exidx.text.Uart_RxMainFunction), (8 bytes).
    Removing lpuart.o(.ARM.exidx.text.LPUART1_RxTx_IRQHandler), (8 bytes).
    Removing lpspi.o(.text), (0 bytes).
    Removing lpspi.o(.ARM.exidx.text.SPI1_Init), (8 bytes).
    Removing lpspi.o(.ARM.exidx.text.SPI1_GPIO_Config), (8 bytes).
    Removing lpspi.o(.ARM.exidx.text.SPI1_Transmit), (8 bytes).
    Removing string.o(.text), (0 bytes).
    Removing string.o(.text.str_cmp), (78 bytes).
    Removing string.o(.ARM.exidx.text.str_cmp), (8 bytes).
    Removing string.o(.text.str_len), (48 bytes).
    Removing string.o(.ARM.exidx.text.str_len), (8 bytes).
    Removing string.o(.text.str_cpy), (54 bytes).
    Removing string.o(.ARM.exidx.text.str_cpy), (8 bytes).
    Removing string.o(.text.str_cat), (88 bytes).
    Removing string.o(.ARM.exidx.text.str_cat), (8 bytes).
    Removing string.o(.text.str_lwr), (86 bytes).
    Removing string.o(.ARM.exidx.text.str_lwr), (8 bytes).
    Removing string.o(.text.str_upr), (86 bytes).
    Removing string.o(.ARM.exidx.text.str_upr), (8 bytes).
    Removing string.o(.ARM.exidx.text.BufferClear), (8 bytes).
    Removing led_max7219.o(.text), (0 bytes).
    Removing led_max7219.o(.ARM.exidx.text.MAX7219_Init), (8 bytes).
    Removing led_max7219.o(.ARM.exidx.text.LCD_Print), (8 bytes).
    Removing led_max7219.o(.ARM.exidx.text.LCD_TurnOff), (8 bytes).
    Removing led_max7219.o(.ARM.exidx.text.LCD_TwoNumber), (8 bytes).
    Removing led_max7219.o(.ARM.exidx.text.LCD_TimeDisplay), (8 bytes).
    Removing led_max7219.o(.text.LCD_DayDisplay), (152 bytes).
    Removing led_max7219.o(.ARM.exidx.text.LCD_DayDisplay), (8 bytes).
    Removing startup.o(.text), (0 bytes).
    Removing startup.o(.ARM.exidx.text.init_data_bss), (8 bytes).
    Removing system_s32k144.o(.text), (0 bytes).
    Removing system_s32k144.o(.ARM.exidx.text.SystemInit), (8 bytes).
    Removing system_s32k144.o(.text.SystemCoreClockUpdate), (254 bytes).
    Removing system_s32k144.o(.ARM.exidx.text.SystemCoreClockUpdate), (8 bytes).
    Removing system_s32k144.o(.text.SystemSoftwareReset), (48 bytes).
    Removing system_s32k144.o(.ARM.exidx.text.SystemSoftwareReset), (8 bytes).
    Removing system_s32k144.o(.data.SystemCoreClock), (4 bytes).
    Removing system_s32k144.o(.rodata.SystemCoreClockUpdate.fircFreq), (4 bytes).

118 unused section(s) (total 2704 bytes) removed from the image.

==============================================================================

Image Symbol Table

    Local Symbols

    Symbol Name                              Value     Ov Type        Size  Object(Section)

    ../clib/angel/boardlib.s                 0x00000000   Number         0  boardinit1.o ABSOLUTE
    ../clib/angel/boardlib.s                 0x00000000   Number         0  boardinit2.o ABSOLUTE
    ../clib/angel/boardlib.s                 0x00000000   Number         0  boardinit3.o ABSOLUTE
    ../clib/angel/boardlib.s                 0x00000000   Number         0  boardshut.o ABSOLUTE
    ../clib/angel/handlers.s                 0x00000000   Number         0  __scatter_copy.o ABSOLUTE
    ../clib/angel/handlers.s                 0x00000000   Number         0  __scatter_zi.o ABSOLUTE
    ../clib/angel/kernel.s                   0x00000000   Number         0  __rtentry.o ABSOLUTE
    ../clib/angel/kernel.s                   0x00000000   Number         0  __rtentry2.o ABSOLUTE
    ../clib/angel/kernel.s                   0x00000000   Number         0  __rtentry4.o ABSOLUTE
    ../clib/angel/kernel.s                   0x00000000   Number         0  __rtentry7.o ABSOLUTE
    ../clib/angel/kernel.s                   0x00000000   Number         0  rtexit.o ABSOLUTE
    ../clib/angel/kernel.s                   0x00000000   Number         0  rtexit2.o ABSOLUTE
    ../clib/angel/rt.s                       0x00000000   Number         0  rt_raise.o ABSOLUTE
    ../clib/angel/scatter.s                  0x00000000   Number         0  __scatter.o ABSOLUTE
    ../clib/angel/startup.s                  0x00000000   Number         0  __main.o ABSOLUTE
    ../clib/angel/sys.s                      0x00000000   Number         0  sys_stackheap_outer.o ABSOLUTE
    ../clib/angel/sys.s                      0x00000000   Number         0  libspace.o ABSOLUTE
    ../clib/angel/sys.s                      0x00000000   Number         0  sys_stackheap.o ABSOLUTE
    ../clib/angel/sys.s                      0x00000000   Number         0  sys_stackheap_hlt.o ABSOLUTE
    ../clib/angel/sys.s                      0x00000000   Number         0  use_no_semi.o ABSOLUTE
    ../clib/angel/sys.s                      0x00000000   Number         0  indicate_semi.o ABSOLUTE
    ../clib/angel/sysapp.c                   0x00000000   Number         0  sys_exit.o ABSOLUTE
    ../clib/angel/sysapp.c                   0x00000000   Number         0  sys_exit_hlt.o ABSOLUTE
    ../clib/angel/sysapp.c                   0x00000000   Number         0  sys_command.o ABSOLUTE
    ../clib/angel/sysapp.c                   0x00000000   Number         0  sys_command_hlt.o ABSOLUTE
    ../clib/angel/sysapp.c                   0x00000000   Number         0  sys_wrch.o ABSOLUTE
    ../clib/angel/sysapp.c                   0x00000000   Number         0  sys_wrch_hlt.o ABSOLUTE
    ../clib/armsys.c                         0x00000000   Number         0  argv_veneer.o ABSOLUTE
    ../clib/armsys.c                         0x00000000   Number         0  argv_veneer.o ABSOLUTE
    ../clib/armsys.c                         0x00000000   Number         0  _get_argv_nomalloc.o ABSOLUTE
    ../clib/armsys.c                         0x00000000   Number         0  no_argv.o ABSOLUTE
    ../clib/heapalloc.c                      0x00000000   Number         0  hrguard.o ABSOLUTE
    ../clib/libinit.s                        0x00000000   Number         0  libinit.o ABSOLUTE
    ../clib/libinit.s                        0x00000000   Number         0  libinit2.o ABSOLUTE
    ../clib/libinit.s                        0x00000000   Number         0  libinit5.o ABSOLUTE
    ../clib/libinit.s                        0x00000000   Number         0  libshutdown.o ABSOLUTE
    ../clib/libinit.s                        0x00000000   Number         0  libshutdown2.o ABSOLUTE
    ../clib/signal.c                         0x00000000   Number         0  defsig_rtmem_outer.o ABSOLUTE
    ../clib/signal.c                         0x00000000   Number         0  defsig_rtmem_formal.o ABSOLUTE
    ../clib/signal.c                         0x00000000   Number         0  defsig_exit.o ABSOLUTE
    ../clib/signal.c                         0x00000000   Number         0  defsig_rtmem_inner.o ABSOLUTE
    ../clib/signal.c                         0x00000000   Number         0  __raise.o ABSOLUTE
    ../clib/signal.c                         0x00000000   Number         0  defsig_general.o ABSOLUTE
    ../clib/signal.c                         0x00000000   Number         0  defsig_abrt_inner.o ABSOLUTE
    ../clib/signal.c                         0x00000000   Number         0  defsig_fpe_inner.o ABSOLUTE
    ../clib/signal.c                         0x00000000   Number         0  defsig_rtred_inner.o ABSOLUTE
    ../clib/signal.c                         0x00000000   Number         0  defsig_stak_inner.o ABSOLUTE
    ../clib/signal.c                         0x00000000   Number         0  defsig_pvfn_inner.o ABSOLUTE
    ../clib/signal.c                         0x00000000   Number         0  defsig_cppl_inner.o ABSOLUTE
    ../clib/signal.c                         0x00000000   Number         0  defsig_segv_inner.o ABSOLUTE
    ../clib/signal.c                         0x00000000   Number         0  defsig_other.o ABSOLUTE
    ../clib/signal.s                         0x00000000   Number         0  defsig.o ABSOLUTE
    ../clib/stdlib.c                         0x00000000   Number         0  exit.o ABSOLUTE
    ../fplib/fpinit.s                        0x00000000   Number         0  fpinit.o ABSOLUTE
    APP_FUNCTION.c                           0x00000000   Number         0  app_function.o ABSOLUTE
    Clock.c                                  0x00000000   Number         0  clock.o ABSOLUTE
    Gpio.c                                   0x00000000   Number         0  gpio.o ABSOLUTE
    Gpio_Isr.c                               0x00000000   Number         0  gpio_isr.o ABSOLUTE
    LED_MAX7219.c                            0x00000000   Number         0  led_max7219.o ABSOLUTE
    Lpit.c                                   0x00000000   Number         0  lpit.o ABSOLUTE
    Lpspi.c                                  0x00000000   Number         0  lpspi.o ABSOLUTE
    Lpuart.c                                 0x00000000   Number         0  lpuart.o ABSOLUTE
    Nvic.c                                   0x00000000   Number         0  nvic.o ABSOLUTE
    RTE\Device\S32K144HAxxxLLx\startup_S32K144.S 0x00000000   Number         0  startup_s32k144.o ABSOLUTE
    Softtimer.c                              0x00000000   Number         0  softtimer.o ABSOLUTE
    String.c                                 0x00000000   Number         0  string.o ABSOLUTE
    dc.s                                     0x00000000   Number         0  dc.o ABSOLUTE
    main.c                                   0x00000000   Number         0  main.o ABSOLUTE
    startup.c                                0x00000000   Number         0  startup.o ABSOLUTE
    system_S32K144.c                         0x00000000   Number         0  system_s32k144.o ABSOLUTE
    RESET                                    0x00000000   Section      560  startup_s32k144.o(RESET)
    FlashConfig                              0x00000400   Section       16  startup_s32k144.o(FlashConfig)
    s_vectors                                0x00000410   Data           4  startup.o(.rodata.s_vectors)
    [Anonymous Symbol]                       0x00000410   Section        0  startup.o(.rodata.s_vectors)
    !!!main                                  0x00000414   Section        8  __main.o(!!!main)
    !!!scatter                               0x0000041c   Section       52  __scatter.o(!!!scatter)
    !!handler_copy                           0x00000450   Section       26  __scatter_copy.o(!!handler_copy)
    !!handler_zi                             0x0000046c   Section       28  __scatter_zi.o(!!handler_zi)
    .ARM.Collect$$libinit$$00000000          0x00000488   Section        2  libinit.o(.ARM.Collect$$libinit$$00000000)
    .ARM.Collect$$libinit$$00000001          0x0000048a   Section        4  libinit2.o(.ARM.Collect$$libinit$$00000001)
    .ARM.Collect$$libinit$$00000004          0x0000048e   Section        0  libinit2.o(.ARM.Collect$$libinit$$00000004)
    .ARM.Collect$$libinit$$00000006          0x0000048e   Section        0  libinit2.o(.ARM.Collect$$libinit$$00000006)
    .ARM.Collect$$libinit$$0000000C          0x0000048e   Section        0  libinit2.o(.ARM.Collect$$libinit$$0000000C)
    .ARM.Collect$$libinit$$0000000E          0x0000048e   Section        0  libinit2.o(.ARM.Collect$$libinit$$0000000E)
    .ARM.Collect$$libinit$$00000010          0x0000048e   Section        0  libinit2.o(.ARM.Collect$$libinit$$00000010)
    .ARM.Collect$$libinit$$00000013          0x0000048e   Section        0  libinit2.o(.ARM.Collect$$libinit$$00000013)
    .ARM.Collect$$libinit$$00000015          0x0000048e   Section        0  libinit2.o(.ARM.Collect$$libinit$$00000015)
    .ARM.Collect$$libinit$$00000017          0x0000048e   Section        0  libinit2.o(.ARM.Collect$$libinit$$00000017)
    .ARM.Collect$$libinit$$00000019          0x0000048e   Section        0  libinit2.o(.ARM.Collect$$libinit$$00000019)
    .ARM.Collect$$libinit$$0000001B          0x0000048e   Section        0  libinit2.o(.ARM.Collect$$libinit$$0000001B)
    .ARM.Collect$$libinit$$0000001D          0x0000048e   Section        0  libinit2.o(.ARM.Collect$$libinit$$0000001D)
    .ARM.Collect$$libinit$$0000001F          0x0000048e   Section        0  libinit2.o(.ARM.Collect$$libinit$$0000001F)
    .ARM.Collect$$libinit$$00000021          0x0000048e   Section        0  libinit2.o(.ARM.Collect$$libinit$$00000021)
    .ARM.Collect$$libinit$$00000023          0x0000048e   Section        0  libinit2.o(.ARM.Collect$$libinit$$00000023)
    .ARM.Collect$$libinit$$00000025          0x0000048e   Section        0  libinit2.o(.ARM.Collect$$libinit$$00000025)
    .ARM.Collect$$libinit$$00000027          0x0000048e   Section        0  libinit2.o(.ARM.Collect$$libinit$$00000027)
    .ARM.Collect$$libinit$$0000002E          0x0000048e   Section        0  libinit2.o(.ARM.Collect$$libinit$$0000002E)
    .ARM.Collect$$libinit$$00000030          0x0000048e   Section        0  libinit2.o(.ARM.Collect$$libinit$$00000030)
    .ARM.Collect$$libinit$$00000032          0x0000048e   Section        0  libinit2.o(.ARM.Collect$$libinit$$00000032)
    .ARM.Collect$$libinit$$00000034          0x0000048e   Section        0  libinit2.o(.ARM.Collect$$libinit$$00000034)
    .ARM.Collect$$libinit$$00000035          0x0000048e   Section        2  libinit2.o(.ARM.Collect$$libinit$$00000035)
    .ARM.Collect$$libshutdown$$00000000      0x00000490   Section        2  libshutdown.o(.ARM.Collect$$libshutdown$$00000000)
    .ARM.Collect$$libshutdown$$00000002      0x00000492   Section        0  libshutdown2.o(.ARM.Collect$$libshutdown$$00000002)
    .ARM.Collect$$libshutdown$$00000004      0x00000492   Section        0  libshutdown2.o(.ARM.Collect$$libshutdown$$00000004)
    .ARM.Collect$$libshutdown$$00000007      0x00000492   Section        0  libshutdown2.o(.ARM.Collect$$libshutdown$$00000007)
    .ARM.Collect$$libshutdown$$0000000A      0x00000492   Section        0  libshutdown2.o(.ARM.Collect$$libshutdown$$0000000A)
    .ARM.Collect$$libshutdown$$0000000C      0x00000492   Section        0  libshutdown2.o(.ARM.Collect$$libshutdown$$0000000C)
    .ARM.Collect$$libshutdown$$0000000F      0x00000492   Section        0  libshutdown2.o(.ARM.Collect$$libshutdown$$0000000F)
    .ARM.Collect$$libshutdown$$00000010      0x00000492   Section        2  libshutdown2.o(.ARM.Collect$$libshutdown$$00000010)
    .ARM.Collect$$rtentry$$00000000          0x00000494   Section        0  __rtentry.o(.ARM.Collect$$rtentry$$00000000)
    .ARM.Collect$$rtentry$$00000002          0x00000494   Section        0  __rtentry2.o(.ARM.Collect$$rtentry$$00000002)
    .ARM.Collect$$rtentry$$00000007          0x00000494   Section        4  __rtentry7.o(.ARM.Collect$$rtentry$$00000007)
    .ARM.Collect$$rtentry$$00000009          0x00000498   Section        0  __rtentry2.o(.ARM.Collect$$rtentry$$00000009)
    .ARM.Collect$$rtentry$$0000000A          0x00000498   Section        4  __rtentry2.o(.ARM.Collect$$rtentry$$0000000A)
    .ARM.Collect$$rtentry$$0000000C          0x0000049c   Section        0  __rtentry2.o(.ARM.Collect$$rtentry$$0000000C)
    .ARM.Collect$$rtentry$$0000000D          0x0000049c   Section        8  __rtentry2.o(.ARM.Collect$$rtentry$$0000000D)
    __lit__00000000                          0x000004a4   Data           4  __rtentry7.o(.ARM.Collect$$rtentry$$00002718)
    .ARM.Collect$$rtentry$$00002718          0x000004a4   Section        4  __rtentry7.o(.ARM.Collect$$rtentry$$00002718)
    .ARM.Collect$$rtexit$$00000000           0x000004a8   Section        2  rtexit.o(.ARM.Collect$$rtexit$$00000000)
    .ARM.Collect$$rtexit$$00000002           0x000004aa   Section        0  rtexit2.o(.ARM.Collect$$rtexit$$00000002)
    .ARM.Collect$$rtexit$$00000003           0x000004aa   Section        4  rtexit2.o(.ARM.Collect$$rtexit$$00000003)
    .ARM.Collect$$rtexit$$00000004           0x000004ae   Section        6  rtexit2.o(.ARM.Collect$$rtexit$$00000004)
    .text                                    0x000004b4   Section      156  startup_s32k144.o(.text)
    $v0                                      0x00000508   Number         0  startup_s32k144.o(.text)
    .text                                    0x00000550   Section        0  exit.o(.text)
    .text                                    0x00000562   Section        2  use_no_semi.o(.text)
    .text                                    0x00000564   Section        0  indicate_semi.o(.text)
    .text                                    0x00000564   Section        0  sys_exit.o(.text)
    ACTION                                   0x00000571   Thumb Code    16  app_function.o(.text.ACTION)
    [Anonymous Symbol]                       0x00000570   Section        0  app_function.o(.text.ACTION)
    APP_Init                                 0x00000581   Thumb Code   138  app_function.o(.text.APP_Init)
    [Anonymous Symbol]                       0x00000580   Section        0  app_function.o(.text.APP_Init)
    [Anonymous Symbol]                       0x0000060c   Section        0  string.o(.text.BufferClear)
    CheckAction_START                        0x00000641   Thumb Code    76  app_function.o(.text.CheckAction_START)
    [Anonymous Symbol]                       0x00000640   Section        0  app_function.o(.text.CheckAction_START)
    CheckRuleNumber                          0x0000068d   Thumb Code    92  app_function.o(.text.CheckRuleNumber)
    [Anonymous Symbol]                       0x0000068c   Section        0  app_function.o(.text.CheckRuleNumber)
    CheckRuleTime                            0x000006e9   Thumb Code   132  app_function.o(.text.CheckRuleTime)
    [Anonymous Symbol]                       0x000006e8   Section        0  app_function.o(.text.CheckRuleTime)
    CheckTIMER_Alarm                         0x0000076d   Thumb Code   204  app_function.o(.text.CheckTIMER_Alarm)
    [Anonymous Symbol]                       0x0000076c   Section        0  app_function.o(.text.CheckTIMER_Alarm)
    Check_Data_UART                          0x00000839   Thumb Code   348  app_function.o(.text.Check_Data_UART)
    [Anonymous Symbol]                       0x00000838   Section        0  app_function.o(.text.Check_Data_UART)
    Decode_Data                              0x00000995   Thumb Code   458  app_function.o(.text.Decode_Data)
    [Anonymous Symbol]                       0x00000994   Section        0  app_function.o(.text.Decode_Data)
    [Anonymous Symbol]                       0x00000b60   Section        0  clock.o(.text.EnableClockPortB)
    [Anonymous Symbol]                       0x00000b98   Section        0  clock.o(.text.EnableClockPortC)
    [Anonymous Symbol]                       0x00000bd0   Section        0  clock.o(.text.EnableClockPortD)
    [Anonymous Symbol]                       0x00000c08   Section        0  gpio.o(.text.Gpio_GetPinValue)
    [Anonymous Symbol]                       0x00000cbc   Section        0  gpio.o(.text.Gpio_Init)
    [Anonymous Symbol]                       0x00000dc4   Section        0  gpio.o(.text.Gpio_SetPinValue)
    [Anonymous Symbol]                       0x00000f2c   Section        0  led_max7219.o(.text.LCD_Print)
    [Anonymous Symbol]                       0x00000f74   Section        0  led_max7219.o(.text.LCD_TimeDisplay)
    [Anonymous Symbol]                       0x0000100c   Section        0  led_max7219.o(.text.LCD_TurnOff)
    [Anonymous Symbol]                       0x0000104c   Section        0  led_max7219.o(.text.LCD_TwoNumber)
    LED_Alarm                                0x000010d5   Thumb Code   192  app_function.o(.text.LED_Alarm)
    [Anonymous Symbol]                       0x000010d4   Section        0  app_function.o(.text.LED_Alarm)
    LED_BLINK_CONFIG                         0x00001195   Thumb Code   110  app_function.o(.text.LED_BLINK_CONFIG)
    [Anonymous Symbol]                       0x00001194   Section        0  app_function.o(.text.LED_BLINK_CONFIG)
    LED_BUTTON_INIT                          0x00001205   Thumb Code     8  app_function.o(.text.LED_BUTTON_INIT)
    [Anonymous Symbol]                       0x00001204   Section        0  app_function.o(.text.LED_BUTTON_INIT)
    LED_Blink                                0x0000120d   Thumb Code   274  app_function.o(.text.LED_Blink)
    [Anonymous Symbol]                       0x0000120c   Section        0  app_function.o(.text.LED_Blink)
    [Anonymous Symbol]                       0x00001320   Section        0  lpit.o(.text.LPIT0_Ch0_IRQHandler)
    [Anonymous Symbol]                       0x00001350   Section        0  clock.o(.text.LPIT_CLK_ENABLE)
    [Anonymous Symbol]                       0x00001414   Section        0  lpit.o(.text.LPIT_Delay_ms)
    [Anonymous Symbol]                       0x00001440   Section        0  lpit.o(.text.LPIT_Init)
    [Anonymous Symbol]                       0x000014a4   Section        0  lpuart.o(.text.LPUART1_RxTx_IRQHandler)
    Link_Number                              0x000014ad   Thumb Code    32  app_function.o(.text.Link_Number)
    [Anonymous Symbol]                       0x000014ac   Section        0  app_function.o(.text.Link_Number)
    [Anonymous Symbol]                       0x000014cc   Section        0  app_function.o(.text.MAIN_APP)
    MAIN_MENU                                0x00001585   Thumb Code   388  app_function.o(.text.MAIN_MENU)
    [Anonymous Symbol]                       0x00001584   Section        0  app_function.o(.text.MAIN_MENU)
    [Anonymous Symbol]                       0x00001708   Section        0  led_max7219.o(.text.MAX7219_Init)
    [Anonymous Symbol]                       0x00001790   Section        0  nvic.o(.text.NVIC_ClearPendingFlag)
    [Anonymous Symbol]                       0x000017c4   Section        0  nvic.o(.text.NVIC_EnableInterrupt)
    [Anonymous Symbol]                       0x000017f8   Section        0  nvic.o(.text.NVIC_SetPriority)
    [Anonymous Symbol]                       0x00001830   Section        0  gpio_isr.o(.text.PORTC_IRQHandler)
    [Anonymous Symbol]                       0x00001894   Section        0  clock.o(.text.Run_Mode_Clock)
    [Anonymous Symbol]                       0x00001940   Section        0  clock.o(.text.SOSC_Init_8Mhz)
    [Anonymous Symbol]                       0x000019b8   Section        0  clock.o(.text.SPI1_CLK_ENABLE)
    SPI1_GPIO_Config                         0x00001a7d   Thumb Code   106  lpspi.o(.text.SPI1_GPIO_Config)
    [Anonymous Symbol]                       0x00001a7c   Section        0  lpspi.o(.text.SPI1_GPIO_Config)
    [Anonymous Symbol]                       0x00001ae8   Section        0  lpspi.o(.text.SPI1_Init)
    [Anonymous Symbol]                       0x00001bbc   Section        0  lpspi.o(.text.SPI1_Transmit)
    [Anonymous Symbol]                       0x00001c1c   Section        0  clock.o(.text.SPLL_Init)
    STOP_LED_Alarm                           0x00001cf1   Thumb Code    48  app_function.o(.text.STOP_LED_Alarm)
    [Anonymous Symbol]                       0x00001cf0   Section        0  app_function.o(.text.STOP_LED_Alarm)
    SelectBabyMenu                           0x00001d21   Thumb Code   448  app_function.o(.text.SelectBabyMenu)
    [Anonymous Symbol]                       0x00001d20   Section        0  app_function.o(.text.SelectBabyMenu)
    SelectMainMenu                           0x00001ee1   Thumb Code   322  app_function.o(.text.SelectMainMenu)
    [Anonymous Symbol]                       0x00001ee0   Section        0  app_function.o(.text.SelectMainMenu)
    [Anonymous Symbol]                       0x00002024   Section        0  softtimer.o(.text.Softtimer_Init)
    [Anonymous Symbol]                       0x000020bc   Section        0  softtimer.o(.text.Softtimer_MainFunction)
    [Anonymous Symbol]                       0x00002188   Section        0  softtimer.o(.text.Softtimer_StartTimer)
    [Anonymous Symbol]                       0x000021ec   Section        0  softtimer.o(.text.Softtimer_StopTimer)
    [Anonymous Symbol]                       0x0000220c   Section        0  softtimer.o(.text.SysTick_Handler)
    [Anonymous Symbol]                       0x0000221c   Section        0  system_s32k144.o(.text.SystemInit)
    [Anonymous Symbol]                       0x00002270   Section        0  clock.o(.text.UART1_CLK_ENABLE)
    UART1_GPIO_Config                        0x00002335   Thumb Code    58  lpuart.o(.text.UART1_GPIO_Config)
    [Anonymous Symbol]                       0x00002334   Section        0  lpuart.o(.text.UART1_GPIO_Config)
    [Anonymous Symbol]                       0x00002370   Section        0  lpuart.o(.text.Uart_GetReceiveData)
    [Anonymous Symbol]                       0x00002428   Section        0  lpuart.o(.text.Uart_GetReceiveState)
    [Anonymous Symbol]                       0x00002434   Section        0  lpuart.o(.text.Uart_Init)
    [Anonymous Symbol]                       0x000024d8   Section        0  lpuart.o(.text.Uart_RxMainFunction)
    [Anonymous Symbol]                       0x0000252c   Section        0  lpuart.o(.text.Uart_Transmit)
    [Anonymous Symbol]                       0x000025a8   Section        0  lpuart.o(.text.Uart_TxMainFunction)
    Watch_Display                            0x0000262d   Thumb Code   198  app_function.o(.text.Watch_Display)
    [Anonymous Symbol]                       0x0000262c   Section        0  app_function.o(.text.Watch_Display)
    [Anonymous Symbol]                       0x000026f4   Section        0  startup.o(.text.init_data_bss)
    [Anonymous Symbol]                       0x00002794   Section        0  main.o(.text.main)
    $v0                                      0x000027a0   Number         0  fpinit.o(x$fpl$fpinit)
    x$fpl$fpinit                             0x000027a0   Section       26  fpinit.o(x$fpl$fpinit)
    LED_ERR                                  0x1fff8400   Data          10  app_function.o(.data.LED_ERR)
    [Anonymous Symbol]                       0x1fff8400   Section        0  app_function.o(.data.LED_ERR)
    MAIN_MENU.PosNumber                      0x1fff840a   Data           1  app_function.o(.data.MAIN_MENU.PosNumber)
    [Anonymous Symbol]                       0x1fff840a   Section        0  app_function.o(.data.MAIN_MENU.PosNumber)
    CheckTIMER_Alarm.Step                    0x20000000   Data           1  app_function.o(.bss.CheckTIMER_Alarm.Step)
    [Anonymous Symbol]                       0x20000000   Section        0  app_function.o(.bss.CheckTIMER_Alarm.Step)
    Check_Data_UART.CheckFrame               0x20000001   Data           1  app_function.o(.bss.Check_Data_UART.CheckFrame)
    [Anonymous Symbol]                       0x20000001   Section        0  app_function.o(.bss.Check_Data_UART.CheckFrame)
    Count                                    0x20000004   Data           4  lpit.o(.bss.Count)
    [Anonymous Symbol]                       0x20000004   Section        0  lpit.o(.bss.Count)
    Data_Read                                0x20000008   Data         100  app_function.o(.bss.Data_Read)
    [Anonymous Symbol]                       0x20000008   Section        0  app_function.o(.bss.Data_Read)
    FlagHG                                   0x2000006c   Data           1  app_function.o(.bss.FlagHG)
    [Anonymous Symbol]                       0x2000006c   Section        0  app_function.o(.bss.FlagHG)
    FlagLedAlarm                             0x2000006d   Data           1  app_function.o(.bss.FlagLedAlarm)
    [Anonymous Symbol]                       0x2000006d   Section        0  app_function.o(.bss.FlagLedAlarm)
    FlagStart                                0x2000006e   Data           1  app_function.o(.bss.FlagStart)
    [Anonymous Symbol]                       0x2000006e   Section        0  app_function.o(.bss.FlagStart)
    GetButton1                               0x20000070   Data           4  app_function.o(.bss.GetButton1)
    [Anonymous Symbol]                       0x20000070   Section        0  app_function.o(.bss.GetButton1)
    GetButton2                               0x20000074   Data           4  app_function.o(.bss.GetButton2)
    [Anonymous Symbol]                       0x20000074   Section        0  app_function.o(.bss.GetButton2)
    Index_Read                               0x20000078   Data           1  lpuart.o(.bss.Index_Read)
    [Anonymous Symbol]                       0x20000078   Section        0  lpuart.o(.bss.Index_Read)
    Index_Write                              0x20000079   Data           1  lpuart.o(.bss.Index_Write)
    [Anonymous Symbol]                       0x20000079   Section        0  lpuart.o(.bss.Index_Write)
    LED_Alarm.Step                           0x2000007a   Data           1  app_function.o(.bss.LED_Alarm.Step)
    [Anonymous Symbol]                       0x2000007a   Section        0  app_function.o(.bss.LED_Alarm.Step)
    LED_Blink.StepBlink                      0x2000007b   Data           1  app_function.o(.bss.LED_Blink.StepBlink)
    [Anonymous Symbol]                       0x2000007b   Section        0  app_function.o(.bss.LED_Blink.StepBlink)
    LED_Blink.TickBlink                      0x2000007c   Data           4  app_function.o(.bss.LED_Blink.TickBlink)
    [Anonymous Symbol]                       0x2000007c   Section        0  app_function.o(.bss.LED_Blink.TickBlink)
    LengthBufferRead                         0x20000080   Data           4  lpuart.o(.bss.LengthBufferRead)
    [Anonymous Symbol]                       0x20000080   Section        0  lpuart.o(.bss.LengthBufferRead)
    LengthBufferSend                         0x20000084   Data           4  lpuart.o(.bss.LengthBufferSend)
    [Anonymous Symbol]                       0x20000084   Section        0  lpuart.o(.bss.LengthBufferSend)
    Length_Data_Read                         0x20000088   Data           4  app_function.o(.bss.Length_Data_Read)
    [Anonymous Symbol]                       0x20000088   Section        0  app_function.o(.bss.Length_Data_Read)
    MAIN_MENU.StepChoice                     0x2000008c   Data           1  app_function.o(.bss.MAIN_MENU.StepChoice)
    [Anonymous Symbol]                       0x2000008c   Section        0  app_function.o(.bss.MAIN_MENU.StepChoice)
    Receive_State                            0x2000008d   Data           1  lpuart.o(.bss.Receive_State)
    [Anonymous Symbol]                       0x2000008d   Section        0  lpuart.o(.bss.Receive_State)
    SelectBabyMenu.LastButton1               0x20000090   Data           4  app_function.o(.bss.SelectBabyMenu.LastButton1)
    [Anonymous Symbol]                       0x20000090   Section        0  app_function.o(.bss.SelectBabyMenu.LastButton1)
    SelectBabyMenu.LastButton2               0x20000094   Data           4  app_function.o(.bss.SelectBabyMenu.LastButton2)
    [Anonymous Symbol]                       0x20000094   Section        0  app_function.o(.bss.SelectBabyMenu.LastButton2)
    SelectBabyMenu.Tickbutton                0x20000098   Data           4  app_function.o(.bss.SelectBabyMenu.Tickbutton)
    [Anonymous Symbol]                       0x20000098   Section        0  app_function.o(.bss.SelectBabyMenu.Tickbutton)
    SelectMainMenu.Tickbutton1               0x2000009c   Data           4  app_function.o(.bss.SelectMainMenu.Tickbutton1)
    [Anonymous Symbol]                       0x2000009c   Section        0  app_function.o(.bss.SelectMainMenu.Tickbutton1)
    SelectMainMenu.Tickbutton2               0x200000a0   Data           4  app_function.o(.bss.SelectMainMenu.Tickbutton2)
    [Anonymous Symbol]                       0x200000a0   Section        0  app_function.o(.bss.SelectMainMenu.Tickbutton2)
    SelectMenu                               0x200000a4   Data           1  app_function.o(.bss.SelectMenu)
    [Anonymous Symbol]                       0x200000a4   Section        0  app_function.o(.bss.SelectMenu)
    SelectPosition                           0x200000a5   Data           1  app_function.o(.bss.SelectPosition)
    [Anonymous Symbol]                       0x200000a5   Section        0  app_function.o(.bss.SelectPosition)
    SetTimer                                 0x200000a6   Data           6  app_function.o(.bss.SetTimer)
    [Anonymous Symbol]                       0x200000a6   Section        0  app_function.o(.bss.SetTimer)
    Software_Buffer_Read                     0x200000ac   Data         100  lpuart.o(.bss.Software_Buffer_Read)
    [Anonymous Symbol]                       0x200000ac   Section        0  lpuart.o(.bss.Software_Buffer_Read)
    Software_Buffer_Send                     0x20000110   Data         100  lpuart.o(.bss.Software_Buffer_Send)
    [Anonymous Symbol]                       0x20000110   Section        0  lpuart.o(.bss.Software_Buffer_Send)
    TIMER                                    0x20000178   Data          60  softtimer.o(.bss.TIMER)
    [Anonymous Symbol]                       0x20000178   Section        0  softtimer.o(.bss.TIMER)
    TimeCountMs                              0x200001b8   Data           4  softtimer.o(.bss.TimeCountMs)
    [Anonymous Symbol]                       0x200001b8   Section        0  softtimer.o(.bss.TimeCountMs)
    Time_Mode                                0x200001bc   Data           1  app_function.o(.bss.Time_Mode)
    [Anonymous Symbol]                       0x200001bc   Section        0  app_function.o(.bss.Time_Mode)
    Transmit_State                           0x200001bd   Data           1  lpuart.o(.bss.Transmit_State)
    [Anonymous Symbol]                       0x200001bd   Section        0  lpuart.o(.bss.Transmit_State)
    Uart_GetReceiveData.LengthCount          0x200001be   Data           1  lpuart.o(.bss.Uart_GetReceiveData.LengthCount)
    [Anonymous Symbol]                       0x200001be   Section        0  lpuart.o(.bss.Uart_GetReceiveData.LengthCount)
    Uart_TxMainFunction.idex                 0x200001c0   Data           4  lpuart.o(.bss.Uart_TxMainFunction.idex)
    [Anonymous Symbol]                       0x200001c0   Section        0  lpuart.o(.bss.Uart_TxMainFunction.idex)
    Watch                                    0x200001c4   Data           6  app_function.o(.bss.Watch)
    [Anonymous Symbol]                       0x200001c4   Section        0  app_function.o(.bss.Watch)

    Global Symbols

    Symbol Name                              Value     Ov Type        Size  Object(Section)

    BuildAttributes$$THM_ISAv4$E$P$D$K$B$S$7EM$VFPi3$EXTD16$VFPS$VFMA$PE$A:L22UL41UL21$X:L11$S22US41US21$IEEE1$IW$~IW$USESV6$~STKCKD$USESV7$~SHL$OSPACE$ROPI$EBA8$UX$STANDARDLIB$REQ8$PRES8$EABIv2 0x00000000   Number         0  anon$$obj.o ABSOLUTE
    Image$$RW_m_code$$Length                 0x00000000   Number         0  anon$$obj.o ABSOLUTE
    Image$$VECTOR_RAM$$Length                0x00000000   Number         0  anon$$obj.o ABSOLUTE
    Image$$VECTOR_ROM$$Base                  0x00000000   Number         0  anon$$obj.o ABSOLUTE
    __Vectors                                0x00000000   Data           4  startup_s32k144.o(RESET)
    Image$$ZI$$Limit                          - Undefined Weak Reference
    __ARM_exceptions_init                     - Undefined Weak Reference
    __alloca_initialize                       - Undefined Weak Reference
    __arm_preinit_                            - Undefined Weak Reference
    __arm_relocate_pie_                       - Undefined Weak Reference
    __cpp_initialize__aeabi_                  - Undefined Weak Reference
    __cxa_finalize                            - Undefined Weak Reference
    __rt_locale                               - Undefined Weak Reference
    __sigvec_lookup                           - Undefined Weak Reference
    _atexit_init                              - Undefined Weak Reference
    _call_atexit_fns                          - Undefined Weak Reference
    _clock_init                               - Undefined Weak Reference
    _fp_trap_init                             - Undefined Weak Reference
    _fp_trap_shutdown                         - Undefined Weak Reference
    _get_lc_collate                           - Undefined Weak Reference
    _get_lc_ctype                             - Undefined Weak Reference
    _get_lc_monetary                          - Undefined Weak Reference
    _get_lc_numeric                           - Undefined Weak Reference
    _get_lc_time                              - Undefined Weak Reference
    _getenv_init                              - Undefined Weak Reference
    _handle_redirection                       - Undefined Weak Reference
    _init_alloc                               - Undefined Weak Reference
    _init_user_alloc                          - Undefined Weak Reference
    _initio                                   - Undefined Weak Reference
    _rand_init                                - Undefined Weak Reference
    _signal_finish                            - Undefined Weak Reference
    _signal_init                              - Undefined Weak Reference
    _terminate_alloc                          - Undefined Weak Reference
    _terminate_user_alloc                     - Undefined Weak Reference
    _terminateio                              - Undefined Weak Reference
    Image$$RW_m_data$$Length                 0x0000000c   Number         0  anon$$obj.o ABSOLUTE
    Image$$VECTOR_ROM$$Length                0x00000230   Number         0  anon$$obj.o ABSOLUTE
    Image$$VECTOR_ROM$$Limit                 0x00000230   Number         0  anon$$obj.o ABSOLUTE
    Image$$ER_m_text_const$$Base             0x00000410   Number         0  anon$$obj.o ABSOLUTE
    Image$$ER_m_text_const$$Limit            0x00000414   Number         0  anon$$obj.o ABSOLUTE
    __main                                   0x00000415   Thumb Code     8  __main.o(!!!main)
    __scatterload                            0x0000041d   Thumb Code     0  __scatter.o(!!!scatter)
    __scatterload_rt2                        0x0000041d   Thumb Code    44  __scatter.o(!!!scatter)
    __scatterload_rt2_thumb_only             0x0000041d   Thumb Code     0  __scatter.o(!!!scatter)
    __scatterload_null                       0x0000042b   Thumb Code     0  __scatter.o(!!!scatter)
    __scatterload_copy                       0x00000451   Thumb Code    26  __scatter_copy.o(!!handler_copy)
    __scatterload_zeroinit                   0x0000046d   Thumb Code    28  __scatter_zi.o(!!handler_zi)
    __rt_lib_init                            0x00000489   Thumb Code     0  libinit.o(.ARM.Collect$$libinit$$00000000)
    __rt_lib_init_fp_1                       0x0000048b   Thumb Code     0  libinit2.o(.ARM.Collect$$libinit$$00000001)
    __rt_lib_init_alloca_1                   0x0000048f   Thumb Code     0  libinit2.o(.ARM.Collect$$libinit$$00000030)
    __rt_lib_init_argv_1                     0x0000048f   Thumb Code     0  libinit2.o(.ARM.Collect$$libinit$$0000002E)
    __rt_lib_init_atexit_1                   0x0000048f   Thumb Code     0  libinit2.o(.ARM.Collect$$libinit$$0000001D)
    __rt_lib_init_clock_1                    0x0000048f   Thumb Code     0  libinit2.o(.ARM.Collect$$libinit$$00000023)
    __rt_lib_init_cpp_1                      0x0000048f   Thumb Code     0  libinit2.o(.ARM.Collect$$libinit$$00000034)
    __rt_lib_init_exceptions_1               0x0000048f   Thumb Code     0  libinit2.o(.ARM.Collect$$libinit$$00000032)
    __rt_lib_init_fp_trap_1                  0x0000048f   Thumb Code     0  libinit2.o(.ARM.Collect$$libinit$$00000021)
    __rt_lib_init_getenv_1                   0x0000048f   Thumb Code     0  libinit2.o(.ARM.Collect$$libinit$$00000025)
    __rt_lib_init_heap_1                     0x0000048f   Thumb Code     0  libinit2.o(.ARM.Collect$$libinit$$0000000C)
    __rt_lib_init_lc_collate_1               0x0000048f   Thumb Code     0  libinit2.o(.ARM.Collect$$libinit$$00000013)
    __rt_lib_init_lc_ctype_1                 0x0000048f   Thumb Code     0  libinit2.o(.ARM.Collect$$libinit$$00000015)
    __rt_lib_init_lc_monetary_1              0x0000048f   Thumb Code     0  libinit2.o(.ARM.Collect$$libinit$$00000017)
    __rt_lib_init_lc_numeric_1               0x0000048f   Thumb Code     0  libinit2.o(.ARM.Collect$$libinit$$00000019)
    __rt_lib_init_lc_time_1                  0x0000048f   Thumb Code     0  libinit2.o(.ARM.Collect$$libinit$$0000001B)
    __rt_lib_init_preinit_1                  0x0000048f   Thumb Code     0  libinit2.o(.ARM.Collect$$libinit$$00000006)
    __rt_lib_init_rand_1                     0x0000048f   Thumb Code     0  libinit2.o(.ARM.Collect$$libinit$$00000010)
    __rt_lib_init_relocate_pie_1             0x0000048f   Thumb Code     0  libinit2.o(.ARM.Collect$$libinit$$00000004)
    __rt_lib_init_return                     0x0000048f   Thumb Code     0  libinit2.o(.ARM.Collect$$libinit$$00000035)
    __rt_lib_init_signal_1                   0x0000048f   Thumb Code     0  libinit2.o(.ARM.Collect$$libinit$$0000001F)
    __rt_lib_init_stdio_1                    0x0000048f   Thumb Code     0  libinit2.o(.ARM.Collect$$libinit$$00000027)
    __rt_lib_init_user_alloc_1               0x0000048f   Thumb Code     0  libinit2.o(.ARM.Collect$$libinit$$0000000E)
    __rt_lib_shutdown                        0x00000491   Thumb Code     0  libshutdown.o(.ARM.Collect$$libshutdown$$00000000)
    __rt_lib_shutdown_cpp_1                  0x00000493   Thumb Code     0  libshutdown2.o(.ARM.Collect$$libshutdown$$00000002)
    __rt_lib_shutdown_fp_trap_1              0x00000493   Thumb Code     0  libshutdown2.o(.ARM.Collect$$libshutdown$$00000007)
    __rt_lib_shutdown_heap_1                 0x00000493   Thumb Code     0  libshutdown2.o(.ARM.Collect$$libshutdown$$0000000F)
    __rt_lib_shutdown_return                 0x00000493   Thumb Code     0  libshutdown2.o(.ARM.Collect$$libshutdown$$00000010)
    __rt_lib_shutdown_signal_1               0x00000493   Thumb Code     0  libshutdown2.o(.ARM.Collect$$libshutdown$$0000000A)
    __rt_lib_shutdown_stdio_1                0x00000493   Thumb Code     0  libshutdown2.o(.ARM.Collect$$libshutdown$$00000004)
    __rt_lib_shutdown_user_alloc_1           0x00000493   Thumb Code     0  libshutdown2.o(.ARM.Collect$$libshutdown$$0000000C)
    __rt_entry                               0x00000495   Thumb Code     0  __rtentry.o(.ARM.Collect$$rtentry$$00000000)
    __rt_entry_presh_1                       0x00000495   Thumb Code     0  __rtentry2.o(.ARM.Collect$$rtentry$$00000002)
    __rt_entry_sh                            0x00000495   Thumb Code     0  __rtentry7.o(.ARM.Collect$$rtentry$$00000007)
    __rt_entry_li                            0x00000499   Thumb Code     0  __rtentry2.o(.ARM.Collect$$rtentry$$0000000A)
    __rt_entry_postsh_1                      0x00000499   Thumb Code     0  __rtentry2.o(.ARM.Collect$$rtentry$$00000009)
    __rt_entry_main                          0x0000049d   Thumb Code     0  __rtentry2.o(.ARM.Collect$$rtentry$$0000000D)
    __rt_entry_postli_1                      0x0000049d   Thumb Code     0  __rtentry2.o(.ARM.Collect$$rtentry$$0000000C)
    __rt_exit                                0x000004a9   Thumb Code     0  rtexit.o(.ARM.Collect$$rtexit$$00000000)
    __rt_exit_ls                             0x000004ab   Thumb Code     0  rtexit2.o(.ARM.Collect$$rtexit$$00000003)
    __rt_exit_prels_1                        0x000004ab   Thumb Code     0  rtexit2.o(.ARM.Collect$$rtexit$$00000002)
    __rt_exit_exit                           0x000004af   Thumb Code     0  rtexit2.o(.ARM.Collect$$rtexit$$00000004)
    __RAM_VECTOR_TABLE_SIZE                  0x000004b4   Data           4  startup_s32k144.o(.text)
    __VECTOR_RAM                             0x000004b8   Data           4  startup_s32k144.o(.text)
    __VECTOR_ROM                             0x000004bc   Data           4  startup_s32k144.o(.text)
    __VECTOR_ROM_START                       0x000004c0   Data           4  startup_s32k144.o(.text)
    __VECTOR_ROM_END                         0x000004c4   Data           4  startup_s32k144.o(.text)
    __CODE_ROM                               0x000004c8   Data           4  startup_s32k144.o(.text)
    __CODE_END                               0x000004cc   Data           4  startup_s32k144.o(.text)
    __CODE_RAM                               0x000004d0   Data           4  startup_s32k144.o(.text)
    __CODE_RAM_START                         0x000004d4   Data           4  startup_s32k144.o(.text)
    __CODE_RAM_END                           0x000004d8   Data           4  startup_s32k144.o(.text)
    __BSS_START                              0x000004dc   Data           4  startup_s32k144.o(.text)
    __BSS_END                                0x000004e0   Data           4  startup_s32k144.o(.text)
    __DATA_RAM                               0x000004e4   Data           4  startup_s32k144.o(.text)
    __DATA_RAM_START                         0x000004e8   Data           4  startup_s32k144.o(.text)
    __DATA_RAM_END                           0x000004ec   Data           4  startup_s32k144.o(.text)
    __DATA_ROM                               0x000004f0   Data           4  startup_s32k144.o(.text)
    __DATA_END                               0x000004f4   Data           4  startup_s32k144.o(.text)
    __CUSTOM_SECTION_START                   0x000004f8   Data           4  startup_s32k144.o(.text)
    __CUSTOM_SECTION_END                     0x000004fc   Data           4  startup_s32k144.o(.text)
    __RAM_START                              0x00000500   Data           4  startup_s32k144.o(.text)
    __RAM_END                                0x00000504   Data           4  startup_s32k144.o(.text)
    Reset_Handler                            0x00000509   Thumb Code    28  startup_s32k144.o(.text)
    NMI_Handler                              0x00000525   Thumb Code     2  startup_s32k144.o(.text)
    HardFault_Handler                        0x00000527   Thumb Code     2  startup_s32k144.o(.text)
    MemManage_Handler                        0x00000529   Thumb Code     2  startup_s32k144.o(.text)
    BusFault_Handler                         0x0000052b   Thumb Code     2  startup_s32k144.o(.text)
    UsageFault_Handler                       0x0000052d   Thumb Code     2  startup_s32k144.o(.text)
    SVC_Handler                              0x0000052f   Thumb Code     2  startup_s32k144.o(.text)
    DebugMon_Handler                         0x00000531   Thumb Code     2  startup_s32k144.o(.text)
    PendSV_Handler                           0x00000533   Thumb Code     2  startup_s32k144.o(.text)
    DefaultISR                               0x00000537   Thumb Code     2  startup_s32k144.o(.text)
    ADC0_IRQHandler                          0x00000539   Thumb Code     0  startup_s32k144.o(.text)
    ADC1_IRQHandler                          0x00000539   Thumb Code     0  startup_s32k144.o(.text)
    CAN0_Error_IRQHandler                    0x00000539   Thumb Code     0  startup_s32k144.o(.text)
    CAN0_ORed_0_15_MB_IRQHandler             0x00000539   Thumb Code     0  startup_s32k144.o(.text)
    CAN0_ORed_16_31_MB_IRQHandler            0x00000539   Thumb Code     0  startup_s32k144.o(.text)
    CAN0_ORed_IRQHandler                     0x00000539   Thumb Code     0  startup_s32k144.o(.text)
    CAN0_Wake_Up_IRQHandler                  0x00000539   Thumb Code     0  startup_s32k144.o(.text)
    CAN1_Error_IRQHandler                    0x00000539   Thumb Code     0  startup_s32k144.o(.text)
    CAN1_ORed_0_15_MB_IRQHandler             0x00000539   Thumb Code     0  startup_s32k144.o(.text)
    CAN1_ORed_IRQHandler                     0x00000539   Thumb Code     0  startup_s32k144.o(.text)
    CAN2_Error_IRQHandler                    0x00000539   Thumb Code     0  startup_s32k144.o(.text)
    CAN2_ORed_0_15_MB_IRQHandler             0x00000539   Thumb Code     0  startup_s32k144.o(.text)
    CAN2_ORed_IRQHandler                     0x00000539   Thumb Code     0  startup_s32k144.o(.text)
    CMP0_IRQHandler                          0x00000539   Thumb Code     0  startup_s32k144.o(.text)
    DMA0_IRQHandler                          0x00000539   Thumb Code     0  startup_s32k144.o(.text)
    DMA10_IRQHandler                         0x00000539   Thumb Code     0  startup_s32k144.o(.text)
    DMA11_IRQHandler                         0x00000539   Thumb Code     0  startup_s32k144.o(.text)
    DMA12_IRQHandler                         0x00000539   Thumb Code     0  startup_s32k144.o(.text)
    DMA13_IRQHandler                         0x00000539   Thumb Code     0  startup_s32k144.o(.text)
    DMA14_IRQHandler                         0x00000539   Thumb Code     0  startup_s32k144.o(.text)
    DMA15_IRQHandler                         0x00000539   Thumb Code     0  startup_s32k144.o(.text)
    DMA1_IRQHandler                          0x00000539   Thumb Code     0  startup_s32k144.o(.text)
    DMA2_IRQHandler                          0x00000539   Thumb Code     0  startup_s32k144.o(.text)
    DMA3_IRQHandler                          0x00000539   Thumb Code     0  startup_s32k144.o(.text)
    DMA4_IRQHandler                          0x00000539   Thumb Code     0  startup_s32k144.o(.text)
    DMA5_IRQHandler                          0x00000539   Thumb Code     0  startup_s32k144.o(.text)
    DMA6_IRQHandler                          0x00000539   Thumb Code     0  startup_s32k144.o(.text)
    DMA7_IRQHandler                          0x00000539   Thumb Code     0  startup_s32k144.o(.text)
    DMA8_IRQHandler                          0x00000539   Thumb Code     0  startup_s32k144.o(.text)
    DMA9_IRQHandler                          0x00000539   Thumb Code     0  startup_s32k144.o(.text)
    DMA_Error_IRQHandler                     0x00000539   Thumb Code     0  startup_s32k144.o(.text)
    ERM_double_fault_IRQHandler              0x00000539   Thumb Code     0  startup_s32k144.o(.text)
    ERM_single_fault_IRQHandler              0x00000539   Thumb Code     0  startup_s32k144.o(.text)
    FLEXIO_IRQHandler                        0x00000539   Thumb Code     0  startup_s32k144.o(.text)
    FTFC_Fault_IRQHandler                    0x00000539   Thumb Code     0  startup_s32k144.o(.text)
    FTFC_IRQHandler                          0x00000539   Thumb Code     0  startup_s32k144.o(.text)
    FTM0_Ch0_Ch1_IRQHandler                  0x00000539   Thumb Code     0  startup_s32k144.o(.text)
    FTM0_Ch2_Ch3_IRQHandler                  0x00000539   Thumb Code     0  startup_s32k144.o(.text)
    FTM0_Ch4_Ch5_IRQHandler                  0x00000539   Thumb Code     0  startup_s32k144.o(.text)
    FTM0_Ch6_Ch7_IRQHandler                  0x00000539   Thumb Code     0  startup_s32k144.o(.text)
    FTM0_Fault_IRQHandler                    0x00000539   Thumb Code     0  startup_s32k144.o(.text)
    FTM0_Ovf_Reload_IRQHandler               0x00000539   Thumb Code     0  startup_s32k144.o(.text)
    FTM1_Ch0_Ch1_IRQHandler                  0x00000539   Thumb Code     0  startup_s32k144.o(.text)
    FTM1_Ch2_Ch3_IRQHandler                  0x00000539   Thumb Code     0  startup_s32k144.o(.text)
    FTM1_Ch4_Ch5_IRQHandler                  0x00000539   Thumb Code     0  startup_s32k144.o(.text)
    FTM1_Ch6_Ch7_IRQHandler                  0x00000539   Thumb Code     0  startup_s32k144.o(.text)
    FTM1_Fault_IRQHandler                    0x00000539   Thumb Code     0  startup_s32k144.o(.text)
    FTM1_Ovf_Reload_IRQHandler               0x00000539   Thumb Code     0  startup_s32k144.o(.text)
    FTM2_Ch0_Ch1_IRQHandler                  0x00000539   Thumb Code     0  startup_s32k144.o(.text)
    FTM2_Ch2_Ch3_IRQHandler                  0x00000539   Thumb Code     0  startup_s32k144.o(.text)
    FTM2_Ch4_Ch5_IRQHandler                  0x00000539   Thumb Code     0  startup_s32k144.o(.text)
    FTM2_Ch6_Ch7_IRQHandler                  0x00000539   Thumb Code     0  startup_s32k144.o(.text)
    FTM2_Fault_IRQHandler                    0x00000539   Thumb Code     0  startup_s32k144.o(.text)
    FTM2_Ovf_Reload_IRQHandler               0x00000539   Thumb Code     0  startup_s32k144.o(.text)
    FTM3_Ch0_Ch1_IRQHandler                  0x00000539   Thumb Code     0  startup_s32k144.o(.text)
    FTM3_Ch2_Ch3_IRQHandler                  0x00000539   Thumb Code     0  startup_s32k144.o(.text)
    FTM3_Ch4_Ch5_IRQHandler                  0x00000539   Thumb Code     0  startup_s32k144.o(.text)
    FTM3_Ch6_Ch7_IRQHandler                  0x00000539   Thumb Code     0  startup_s32k144.o(.text)
    FTM3_Fault_IRQHandler                    0x00000539   Thumb Code     0  startup_s32k144.o(.text)
    FTM3_Ovf_Reload_IRQHandler               0x00000539   Thumb Code     0  startup_s32k144.o(.text)
    LPI2C0_Master_IRQHandler                 0x00000539   Thumb Code     0  startup_s32k144.o(.text)
    LPI2C0_Slave_IRQHandler                  0x00000539   Thumb Code     0  startup_s32k144.o(.text)
    LPIT0_Ch1_IRQHandler                     0x00000539   Thumb Code     0  startup_s32k144.o(.text)
    LPIT0_Ch2_IRQHandler                     0x00000539   Thumb Code     0  startup_s32k144.o(.text)
    LPIT0_Ch3_IRQHandler                     0x00000539   Thumb Code     0  startup_s32k144.o(.text)
    LPSPI0_IRQHandler                        0x00000539   Thumb Code     0  startup_s32k144.o(.text)
    LPSPI1_IRQHandler                        0x00000539   Thumb Code     0  startup_s32k144.o(.text)
    LPSPI2_IRQHandler                        0x00000539   Thumb Code     0  startup_s32k144.o(.text)
    LPTMR0_IRQHandler                        0x00000539   Thumb Code     0  startup_s32k144.o(.text)
    LPUART0_RxTx_IRQHandler                  0x00000539   Thumb Code     0  startup_s32k144.o(.text)
    LPUART2_RxTx_IRQHandler                  0x00000539   Thumb Code     0  startup_s32k144.o(.text)
    LVD_LVW_IRQHandler                       0x00000539   Thumb Code     0  startup_s32k144.o(.text)
    MCM_IRQHandler                           0x00000539   Thumb Code     0  startup_s32k144.o(.text)
    PDB0_IRQHandler                          0x00000539   Thumb Code     0  startup_s32k144.o(.text)
    PDB1_IRQHandler                          0x00000539   Thumb Code     0  startup_s32k144.o(.text)
    PORTA_IRQHandler                         0x00000539   Thumb Code     0  startup_s32k144.o(.text)
    PORTB_IRQHandler                         0x00000539   Thumb Code     0  startup_s32k144.o(.text)
    PORTD_IRQHandler                         0x00000539   Thumb Code     0  startup_s32k144.o(.text)
    PORTE_IRQHandler                         0x00000539   Thumb Code     0  startup_s32k144.o(.text)
    RCM_IRQHandler                           0x00000539   Thumb Code     0  startup_s32k144.o(.text)
    RTC_IRQHandler                           0x00000539   Thumb Code     0  startup_s32k144.o(.text)
    RTC_Seconds_IRQHandler                   0x00000539   Thumb Code     0  startup_s32k144.o(.text)
    Read_Collision_IRQHandler                0x00000539   Thumb Code     0  startup_s32k144.o(.text)
    Reserved100_IRQHandler                   0x00000539   Thumb Code     0  startup_s32k144.o(.text)
    Reserved103_IRQHandler                   0x00000539   Thumb Code     0  startup_s32k144.o(.text)
    Reserved105_IRQHandler                   0x00000539   Thumb Code     0  startup_s32k144.o(.text)
    Reserved106_IRQHandler                   0x00000539   Thumb Code     0  startup_s32k144.o(.text)
    Reserved107_IRQHandler                   0x00000539   Thumb Code     0  startup_s32k144.o(.text)
    Reserved110_IRQHandler                   0x00000539   Thumb Code     0  startup_s32k144.o(.text)
    Reserved112_IRQHandler                   0x00000539   Thumb Code     0  startup_s32k144.o(.text)
    Reserved113_IRQHandler                   0x00000539   Thumb Code     0  startup_s32k144.o(.text)
    Reserved114_IRQHandler                   0x00000539   Thumb Code     0  startup_s32k144.o(.text)
    Reserved45_IRQHandler                    0x00000539   Thumb Code     0  startup_s32k144.o(.text)
    Reserved46_IRQHandler                    0x00000539   Thumb Code     0  startup_s32k144.o(.text)
    Reserved48_IRQHandler                    0x00000539   Thumb Code     0  startup_s32k144.o(.text)
    Reserved50_IRQHandler                    0x00000539   Thumb Code     0  startup_s32k144.o(.text)
    Reserved52_IRQHandler                    0x00000539   Thumb Code     0  startup_s32k144.o(.text)
    Reserved53_IRQHandler                    0x00000539   Thumb Code     0  startup_s32k144.o(.text)
    Reserved54_IRQHandler                    0x00000539   Thumb Code     0  startup_s32k144.o(.text)
    Reserved58_IRQHandler                    0x00000539   Thumb Code     0  startup_s32k144.o(.text)
    Reserved59_IRQHandler                    0x00000539   Thumb Code     0  startup_s32k144.o(.text)
    Reserved69_IRQHandler                    0x00000539   Thumb Code     0  startup_s32k144.o(.text)
    Reserved70_IRQHandler                    0x00000539   Thumb Code     0  startup_s32k144.o(.text)
    Reserved71_IRQHandler                    0x00000539   Thumb Code     0  startup_s32k144.o(.text)
    Reserved72_IRQHandler                    0x00000539   Thumb Code     0  startup_s32k144.o(.text)
    Reserved81_IRQHandler                    0x00000539   Thumb Code     0  startup_s32k144.o(.text)
    Reserved82_IRQHandler                    0x00000539   Thumb Code     0  startup_s32k144.o(.text)
    Reserved83_IRQHandler                    0x00000539   Thumb Code     0  startup_s32k144.o(.text)
    Reserved86_IRQHandler                    0x00000539   Thumb Code     0  startup_s32k144.o(.text)
    Reserved87_IRQHandler                    0x00000539   Thumb Code     0  startup_s32k144.o(.text)
    Reserved88_IRQHandler                    0x00000539   Thumb Code     0  startup_s32k144.o(.text)
    Reserved89_IRQHandler                    0x00000539   Thumb Code     0  startup_s32k144.o(.text)
    Reserved90_IRQHandler                    0x00000539   Thumb Code     0  startup_s32k144.o(.text)
    Reserved91_IRQHandler                    0x00000539   Thumb Code     0  startup_s32k144.o(.text)
    Reserved92_IRQHandler                    0x00000539   Thumb Code     0  startup_s32k144.o(.text)
    Reserved93_IRQHandler                    0x00000539   Thumb Code     0  startup_s32k144.o(.text)
    Reserved99_IRQHandler                    0x00000539   Thumb Code     0  startup_s32k144.o(.text)
    SCG_IRQHandler                           0x00000539   Thumb Code     0  startup_s32k144.o(.text)
    SWI_IRQHandler                           0x00000539   Thumb Code     0  startup_s32k144.o(.text)
    WDOG_EWM_IRQHandler                      0x00000539   Thumb Code     0  startup_s32k144.o(.text)
    exit                                     0x00000551   Thumb Code    18  exit.o(.text)
    __I$use$semihosting                      0x00000563   Thumb Code     0  use_no_semi.o(.text)
    __use_no_semihosting_swi                 0x00000563   Thumb Code     2  use_no_semi.o(.text)
    __semihosting_library_function           0x00000565   Thumb Code     0  indicate_semi.o(.text)
    _sys_exit                                0x00000565   Thumb Code     8  sys_exit.o(.text)
    BufferClear                              0x0000060d   Thumb Code    50  string.o(.text.BufferClear)
    EnableClockPortB                         0x00000b61   Thumb Code    56  clock.o(.text.EnableClockPortB)
    EnableClockPortC                         0x00000b99   Thumb Code    56  clock.o(.text.EnableClockPortC)
    EnableClockPortD                         0x00000bd1   Thumb Code    56  clock.o(.text.EnableClockPortD)
    Gpio_GetPinValue                         0x00000c09   Thumb Code   180  gpio.o(.text.Gpio_GetPinValue)
    Gpio_Init                                0x00000cbd   Thumb Code   262  gpio.o(.text.Gpio_Init)
    Gpio_SetPinValue                         0x00000dc5   Thumb Code   358  gpio.o(.text.Gpio_SetPinValue)
    LCD_Print                                0x00000f2d   Thumb Code    72  led_max7219.o(.text.LCD_Print)
    LCD_TimeDisplay                          0x00000f75   Thumb Code   152  led_max7219.o(.text.LCD_TimeDisplay)
    LCD_TurnOff                              0x0000100d   Thumb Code    64  led_max7219.o(.text.LCD_TurnOff)
    LCD_TwoNumber                            0x0000104d   Thumb Code   134  led_max7219.o(.text.LCD_TwoNumber)
    LPIT0_Ch0_IRQHandler                     0x00001321   Thumb Code    46  lpit.o(.text.LPIT0_Ch0_IRQHandler)
    LPIT_CLK_ENABLE                          0x00001351   Thumb Code   196  clock.o(.text.LPIT_CLK_ENABLE)
    LPIT_Delay_ms                            0x00001415   Thumb Code    42  lpit.o(.text.LPIT_Delay_ms)
    LPIT_Init                                0x00001441   Thumb Code    98  lpit.o(.text.LPIT_Init)
    LPUART1_RxTx_IRQHandler                  0x000014a5   Thumb Code     8  lpuart.o(.text.LPUART1_RxTx_IRQHandler)
    MAIN_APP                                 0x000014cd   Thumb Code   182  app_function.o(.text.MAIN_APP)
    MAX7219_Init                             0x00001709   Thumb Code   134  led_max7219.o(.text.MAX7219_Init)
    NVIC_ClearPendingFlag                    0x00001791   Thumb Code    50  nvic.o(.text.NVIC_ClearPendingFlag)
    NVIC_EnableInterrupt                     0x000017c5   Thumb Code    50  nvic.o(.text.NVIC_EnableInterrupt)
    NVIC_SetPriority                         0x000017f9   Thumb Code    54  nvic.o(.text.NVIC_SetPriority)
    PORTC_IRQHandler                         0x00001831   Thumb Code    98  gpio_isr.o(.text.PORTC_IRQHandler)
    Run_Mode_Clock                           0x00001895   Thumb Code   170  clock.o(.text.Run_Mode_Clock)
    SOSC_Init_8Mhz                           0x00001941   Thumb Code   120  clock.o(.text.SOSC_Init_8Mhz)
    SPI1_CLK_ENABLE                          0x000019b9   Thumb Code   196  clock.o(.text.SPI1_CLK_ENABLE)
    SPI1_Init                                0x00001ae9   Thumb Code   212  lpspi.o(.text.SPI1_Init)
    SPI1_Transmit                            0x00001bbd   Thumb Code    94  lpspi.o(.text.SPI1_Transmit)
    SPLL_Init                                0x00001c1d   Thumb Code   210  clock.o(.text.SPLL_Init)
    Softtimer_Init                           0x00002025   Thumb Code   152  softtimer.o(.text.Softtimer_Init)
    Softtimer_MainFunction                   0x000020bd   Thumb Code   202  softtimer.o(.text.Softtimer_MainFunction)
    Softtimer_StartTimer                     0x00002189   Thumb Code   100  softtimer.o(.text.Softtimer_StartTimer)
    Softtimer_StopTimer                      0x000021ed   Thumb Code    30  softtimer.o(.text.Softtimer_StopTimer)
    SysTick_Handler                          0x0000220d   Thumb Code    16  softtimer.o(.text.SysTick_Handler)
    SystemInit                               0x0000221d   Thumb Code    82  system_s32k144.o(.text.SystemInit)
    UART1_CLK_ENABLE                         0x00002271   Thumb Code   196  clock.o(.text.UART1_CLK_ENABLE)
    Uart_GetReceiveData                      0x00002371   Thumb Code   184  lpuart.o(.text.Uart_GetReceiveData)
    Uart_GetReceiveState                     0x00002429   Thumb Code    12  lpuart.o(.text.Uart_GetReceiveState)
    Uart_Init                                0x00002435   Thumb Code   164  lpuart.o(.text.Uart_Init)
    Uart_RxMainFunction                      0x000024d9   Thumb Code    82  lpuart.o(.text.Uart_RxMainFunction)
    Uart_Transmit                            0x0000252d   Thumb Code   122  lpuart.o(.text.Uart_Transmit)
    Uart_TxMainFunction                      0x000025a9   Thumb Code   130  lpuart.o(.text.Uart_TxMainFunction)
    init_data_bss                            0x000026f5   Thumb Code   160  startup.o(.text.init_data_bss)
    main                                     0x00002795   Thumb Code    12  main.o(.text.main)
    _fp_init                                 0x000027a1   Thumb Code    26  fpinit.o(x$fpl$fpinit)
    __fplib_config_fpu_vfp                   0x000027b9   Thumb Code     0  fpinit.o(x$fpl$fpinit)
    __fplib_config_pureend_doubles           0x000027b9   Thumb Code     0  fpinit.o(x$fpl$fpinit)
    Region$$Table$$Base                      0x000027bc   Number         0  anon$$obj.o(Region$$Table)
    Image$$ER_m_text$$Limit                  0x000027dc   Number         0  anon$$obj.o ABSOLUTE
    Region$$Table$$Limit                     0x000027dc   Number         0  anon$$obj.o(Region$$Table)
    Image$$VECTOR_RAM$$Base                  0x1fff8000   Number         0  anon$$obj.o ABSOLUTE
    Image$$RW_m_data$$Base                   0x1fff8400   Number         0  anon$$obj.o ABSOLUTE
    Image$$RW_m_code$$Base                   0x1fff840c   Number         0  anon$$obj.o ABSOLUTE
    Image$$RW_m_code$$Limit                  0x1fff840c   Number         0  anon$$obj.o ABSOLUTE
    Image$$RW_m_data$$Limit                  0x1fff840c   Number         0  anon$$obj.o ABSOLUTE
    Image$$RW_m_custom_section$$Base         0x20000000   Number         0  anon$$obj.o ABSOLUTE
    Image$$RW_m_custom_section$$Limit        0x20000000   Number         0  anon$$obj.o ABSOLUTE
    Image$$RW_m_data_2$$ZI$$Base             0x20000000   Number         0  anon$$obj.o ABSOLUTE
    StateLED                                 0x20000174   Data           1  gpio_isr.o(.bss.StateLED)
    Tick_ms                                  0x200001b4   Data           4  lpit.o(.bss.Tick_ms)
    Image$$ARM_LIB_HEAP$$ZI$$Base            0x200001cc   Number         0  anon$$obj.o ABSOLUTE
    Image$$RW_m_data_2$$ZI$$Limit            0x200001cc   Number         0  anon$$obj.o ABSOLUTE
    Image$$ARM_LIB_HEAP$$ZI$$Limit           0x200005cc   Number         0  anon$$obj.o ABSOLUTE
    Image$$ARM_LIB_STACK$$Limit              0x20006c00   Number         0  anon$$obj.o ABSOLUTE
    Image$$ARM_LIB_STACK$$ZI$$Limit          0x20007000   Number         0  anon$$obj.o ABSOLUTE



==============================================================================

Memory Map of the image

  Image Entry point : 0x00000415

  Load Region LR_m_text (Base: 0x00000000, Size: 0x000027e8, Max: 0x00080000, ABSOLUTE)

    Execution Region VECTOR_ROM (Exec base: 0x00000000, Load base: 0x00000000, Size: 0x00000230, Max: 0x00000400, ABSOLUTE)

    Exec Addr    Load Addr    Size         Type   Attr      Idx    E Section Name        Object

    0x00000000   0x00000000   0x00000230   Data   RO          293    RESET               startup_s32k144.o


    Execution Region ER_m_flash_config (Exec base: 0x00000400, Load base: 0x00000400, Size: 0x00000010, Max: 0x00000010, ABSOLUTE, FIXED)

    Exec Addr    Load Addr    Size         Type   Attr      Idx    E Section Name        Object

    0x00000400   0x00000400   0x00000010   Data   RO          294    FlashConfig         startup_s32k144.o


    Execution Region ER_m_text_const (Exec base: 0x00000410, Load base: 0x00000410, Size: 0x00000004, Max: 0xffffffff, ABSOLUTE)

    Exec Addr    Load Addr    Size         Type   Attr      Idx    E Section Name        Object

    0x00000410   0x00000410   0x00000004   Data   RO          286    .rodata.s_vectors   startup.o


    Execution Region ER_m_text (Exec base: 0x00000414, Load base: 0x00000414, Size: 0x000023c8, Max: 0x0007fbf0, ABSOLUTE)

    Exec Addr    Load Addr    Size         Type   Attr      Idx    E Section Name        Object

    0x00000414   0x00000414   0x00000008   Code   RO          317  * !!!main             c_w.l(__main.o)
    0x0000041c   0x0000041c   0x00000034   Code   RO          495    !!!scatter          c_w.l(__scatter.o)
    0x00000450   0x00000450   0x0000001a   Code   RO          497    !!handler_copy      c_w.l(__scatter_copy.o)
    0x0000046a   0x0000046a   0x00000002   PAD
    0x0000046c   0x0000046c   0x0000001c   Code   RO          499    !!handler_zi        c_w.l(__scatter_zi.o)
    0x00000488   0x00000488   0x00000002   Code   RO          349    .ARM.Collect$$libinit$$00000000  c_w.l(libinit.o)
    0x0000048a   0x0000048a   0x00000004   Code   RO          359    .ARM.Collect$$libinit$$00000001  c_w.l(libinit2.o)
    0x0000048e   0x0000048e   0x00000000   Code   RO          362    .ARM.Collect$$libinit$$00000004  c_w.l(libinit2.o)
    0x0000048e   0x0000048e   0x00000000   Code   RO          364    .ARM.Collect$$libinit$$00000006  c_w.l(libinit2.o)
    0x0000048e   0x0000048e   0x00000000   Code   RO          367    .ARM.Collect$$libinit$$0000000C  c_w.l(libinit2.o)
    0x0000048e   0x0000048e   0x00000000   Code   RO          369    .ARM.Collect$$libinit$$0000000E  c_w.l(libinit2.o)
    0x0000048e   0x0000048e   0x00000000   Code   RO          371    .ARM.Collect$$libinit$$00000010  c_w.l(libinit2.o)
    0x0000048e   0x0000048e   0x00000000   Code   RO          374    .ARM.Collect$$libinit$$00000013  c_w.l(libinit2.o)
    0x0000048e   0x0000048e   0x00000000   Code   RO          376    .ARM.Collect$$libinit$$00000015  c_w.l(libinit2.o)
    0x0000048e   0x0000048e   0x00000000   Code   RO          378    .ARM.Collect$$libinit$$00000017  c_w.l(libinit2.o)
    0x0000048e   0x0000048e   0x00000000   Code   RO          380    .ARM.Collect$$libinit$$00000019  c_w.l(libinit2.o)
    0x0000048e   0x0000048e   0x00000000   Code   RO          382    .ARM.Collect$$libinit$$0000001B  c_w.l(libinit2.o)
    0x0000048e   0x0000048e   0x00000000   Code   RO          384    .ARM.Collect$$libinit$$0000001D  c_w.l(libinit2.o)
    0x0000048e   0x0000048e   0x00000000   Code   RO          386    .ARM.Collect$$libinit$$0000001F  c_w.l(libinit2.o)
    0x0000048e   0x0000048e   0x00000000   Code   RO          388    .ARM.Collect$$libinit$$00000021  c_w.l(libinit2.o)
    0x0000048e   0x0000048e   0x00000000   Code   RO          390    .ARM.Collect$$libinit$$00000023  c_w.l(libinit2.o)
    0x0000048e   0x0000048e   0x00000000   Code   RO          392    .ARM.Collect$$libinit$$00000025  c_w.l(libinit2.o)
    0x0000048e   0x0000048e   0x00000000   Code   RO          394    .ARM.Collect$$libinit$$00000027  c_w.l(libinit2.o)
    0x0000048e   0x0000048e   0x00000000   Code   RO          398    .ARM.Collect$$libinit$$0000002E  c_w.l(libinit2.o)
    0x0000048e   0x0000048e   0x00000000   Code   RO          400    .ARM.Collect$$libinit$$00000030  c_w.l(libinit2.o)
    0x0000048e   0x0000048e   0x00000000   Code   RO          402    .ARM.Collect$$libinit$$00000032  c_w.l(libinit2.o)
    0x0000048e   0x0000048e   0x00000000   Code   RO          404    .ARM.Collect$$libinit$$00000034  c_w.l(libinit2.o)
    0x0000048e   0x0000048e   0x00000002   Code   RO          405    .ARM.Collect$$libinit$$00000035  c_w.l(libinit2.o)
    0x00000490   0x00000490   0x00000002   Code   RO          434    .ARM.Collect$$libshutdown$$00000000  c_w.l(libshutdown.o)
    0x00000492   0x00000492   0x00000000   Code   RO          446    .ARM.Collect$$libshutdown$$00000002  c_w.l(libshutdown2.o)
    0x00000492   0x00000492   0x00000000   Code   RO          448    .ARM.Collect$$libshutdown$$00000004  c_w.l(libshutdown2.o)
    0x00000492   0x00000492   0x00000000   Code   RO          451    .ARM.Collect$$libshutdown$$00000007  c_w.l(libshutdown2.o)
    0x00000492   0x00000492   0x00000000   Code   RO          454    .ARM.Collect$$libshutdown$$0000000A  c_w.l(libshutdown2.o)
    0x00000492   0x00000492   0x00000000   Code   RO          456    .ARM.Collect$$libshutdown$$0000000C  c_w.l(libshutdown2.o)
    0x00000492   0x00000492   0x00000000   Code   RO          459    .ARM.Collect$$libshutdown$$0000000F  c_w.l(libshutdown2.o)
    0x00000492   0x00000492   0x00000002   Code   RO          460    .ARM.Collect$$libshutdown$$00000010  c_w.l(libshutdown2.o)
    0x00000494   0x00000494   0x00000000   Code   RO          319    .ARM.Collect$$rtentry$$00000000  c_w.l(__rtentry.o)
    0x00000494   0x00000494   0x00000000   Code   RO          321    .ARM.Collect$$rtentry$$00000002  c_w.l(__rtentry2.o)
    0x00000494   0x00000494   0x00000004   Code   RO          335    .ARM.Collect$$rtentry$$00000007  c_w.l(__rtentry7.o)
    0x00000498   0x00000498   0x00000000   Code   RO          323    .ARM.Collect$$rtentry$$00000009  c_w.l(__rtentry2.o)
    0x00000498   0x00000498   0x00000004   Code   RO          324    .ARM.Collect$$rtentry$$0000000A  c_w.l(__rtentry2.o)
    0x0000049c   0x0000049c   0x00000000   Code   RO          326    .ARM.Collect$$rtentry$$0000000C  c_w.l(__rtentry2.o)
    0x0000049c   0x0000049c   0x00000008   Code   RO          327    .ARM.Collect$$rtentry$$0000000D  c_w.l(__rtentry2.o)
    0x000004a4   0x000004a4   0x00000004   Code   RO          336    .ARM.Collect$$rtentry$$00002718  c_w.l(__rtentry7.o)
    0x000004a8   0x000004a8   0x00000002   Code   RO          357    .ARM.Collect$$rtexit$$00000000  c_w.l(rtexit.o)
    0x000004aa   0x000004aa   0x00000000   Code   RO          414    .ARM.Collect$$rtexit$$00000002  c_w.l(rtexit2.o)
    0x000004aa   0x000004aa   0x00000004   Code   RO          415    .ARM.Collect$$rtexit$$00000003  c_w.l(rtexit2.o)
    0x000004ae   0x000004ae   0x00000006   Code   RO          416    .ARM.Collect$$rtexit$$00000004  c_w.l(rtexit2.o)
    0x000004b4   0x000004b4   0x0000009c   Code   RO          292    .text               startup_s32k144.o
    0x00000550   0x00000550   0x00000012   Code   RO          342    .text               c_w.l(exit.o)
    0x00000562   0x00000562   0x00000002   Code   RO          410    .text               c_w.l(use_no_semi.o)
    0x00000564   0x00000564   0x00000000   Code   RO          412    .text               c_w.l(indicate_semi.o)
    0x00000564   0x00000564   0x0000000c   Code   RO          424    .text               c_w.l(sys_exit.o)
    0x00000570   0x00000570   0x00000010   Code   RO           18    .text.ACTION        app_function.o
    0x00000580   0x00000580   0x0000008a   Code   RO           16    .text.APP_Init      app_function.o
    0x0000060a   0x0000060a   0x00000002   PAD
    0x0000060c   0x0000060c   0x00000032   Code   RO          256    .text.BufferClear   string.o
    0x0000063e   0x0000063e   0x00000002   PAD
    0x00000640   0x00000640   0x0000004c   Code   RO           30    .text.CheckAction_START  app_function.o
    0x0000068c   0x0000068c   0x0000005c   Code   RO           34    .text.CheckRuleNumber  app_function.o
    0x000006e8   0x000006e8   0x00000084   Code   RO           36    .text.CheckRuleTime  app_function.o
    0x0000076c   0x0000076c   0x000000cc   Code   RO           24    .text.CheckTIMER_Alarm  app_function.o
    0x00000838   0x00000838   0x0000015c   Code   RO           22    .text.Check_Data_UART  app_function.o
    0x00000994   0x00000994   0x000001ca   Code   RO           28    .text.Decode_Data   app_function.o
    0x00000b5e   0x00000b5e   0x00000002   PAD
    0x00000b60   0x00000b60   0x00000038   Code   RO          135    .text.EnableClockPortB  clock.o
    0x00000b98   0x00000b98   0x00000038   Code   RO          137    .text.EnableClockPortC  clock.o
    0x00000bd0   0x00000bd0   0x00000038   Code   RO          139    .text.EnableClockPortD  clock.o
    0x00000c08   0x00000c08   0x000000b4   Code   RO          101    .text.Gpio_GetPinValue  gpio.o
    0x00000cbc   0x00000cbc   0x00000106   Code   RO           99    .text.Gpio_Init     gpio.o
    0x00000dc2   0x00000dc2   0x00000002   PAD
    0x00000dc4   0x00000dc4   0x00000166   Code   RO          103    .text.Gpio_SetPinValue  gpio.o
    0x00000f2a   0x00000f2a   0x00000002   PAD
    0x00000f2c   0x00000f2c   0x00000048   Code   RO          267    .text.LCD_Print     led_max7219.o
    0x00000f74   0x00000f74   0x00000098   Code   RO          273    .text.LCD_TimeDisplay  led_max7219.o
    0x0000100c   0x0000100c   0x00000040   Code   RO          269    .text.LCD_TurnOff   led_max7219.o
    0x0000104c   0x0000104c   0x00000086   Code   RO          271    .text.LCD_TwoNumber  led_max7219.o
    0x000010d2   0x000010d2   0x00000002   PAD
    0x000010d4   0x000010d4   0x000000c0   Code   RO           40    .text.LED_Alarm     app_function.o
    0x00001194   0x00001194   0x0000006e   Code   RO           48    .text.LED_BLINK_CONFIG  app_function.o
    0x00001202   0x00001202   0x00000002   PAD
    0x00001204   0x00001204   0x00000008   Code   RO           20    .text.LED_BUTTON_INIT  app_function.o
    0x0000120c   0x0000120c   0x00000112   Code   RO           44    .text.LED_Blink     app_function.o
    0x0000131e   0x0000131e   0x00000002   PAD
    0x00001320   0x00001320   0x0000002e   Code   RO          183    .text.LPIT0_Ch0_IRQHandler  lpit.o
    0x0000134e   0x0000134e   0x00000002   PAD
    0x00001350   0x00001350   0x000000c4   Code   RO          143    .text.LPIT_CLK_ENABLE  clock.o
    0x00001414   0x00001414   0x0000002a   Code   RO          185    .text.LPIT_Delay_ms  lpit.o
    0x0000143e   0x0000143e   0x00000002   PAD
    0x00001440   0x00001440   0x00000062   Code   RO          181    .text.LPIT_Init     lpit.o
    0x000014a2   0x000014a2   0x00000002   PAD
    0x000014a4   0x000014a4   0x00000008   Code   RO          212    .text.LPUART1_RxTx_IRQHandler  lpuart.o
    0x000014ac   0x000014ac   0x00000020   Code   RO           32    .text.Link_Number   app_function.o
    0x000014cc   0x000014cc   0x000000b6   Code   RO           14    .text.MAIN_APP      app_function.o
    0x00001582   0x00001582   0x00000002   PAD
    0x00001584   0x00001584   0x00000184   Code   RO           26    .text.MAIN_MENU     app_function.o
    0x00001708   0x00001708   0x00000086   Code   RO          265    .text.MAX7219_Init  led_max7219.o
    0x0000178e   0x0000178e   0x00000002   PAD
    0x00001790   0x00001790   0x00000032   Code   RO           88    .text.NVIC_ClearPendingFlag  nvic.o
    0x000017c2   0x000017c2   0x00000002   PAD
    0x000017c4   0x000017c4   0x00000032   Code   RO           84    .text.NVIC_EnableInterrupt  nvic.o
    0x000017f6   0x000017f6   0x00000002   PAD
    0x000017f8   0x000017f8   0x00000036   Code   RO           90    .text.NVIC_SetPriority  nvic.o
    0x0000182e   0x0000182e   0x00000002   PAD
    0x00001830   0x00001830   0x00000062   Code   RO          114    .text.PORTC_IRQHandler  gpio_isr.o
    0x00001892   0x00001892   0x00000002   PAD
    0x00001894   0x00001894   0x000000aa   Code   RO          127    .text.Run_Mode_Clock  clock.o
    0x0000193e   0x0000193e   0x00000002   PAD
    0x00001940   0x00001940   0x00000078   Code   RO          123    .text.SOSC_Init_8Mhz  clock.o
    0x000019b8   0x000019b8   0x000000c4   Code   RO          151    .text.SPI1_CLK_ENABLE  clock.o
    0x00001a7c   0x00001a7c   0x0000006a   Code   RO          233    .text.SPI1_GPIO_Config  lpspi.o
    0x00001ae6   0x00001ae6   0x00000002   PAD
    0x00001ae8   0x00001ae8   0x000000d4   Code   RO          231    .text.SPI1_Init     lpspi.o
    0x00001bbc   0x00001bbc   0x0000005e   Code   RO          235    .text.SPI1_Transmit  lpspi.o
    0x00001c1a   0x00001c1a   0x00000002   PAD
    0x00001c1c   0x00001c1c   0x000000d2   Code   RO          125    .text.SPLL_Init     clock.o
    0x00001cee   0x00001cee   0x00000002   PAD
    0x00001cf0   0x00001cf0   0x00000030   Code   RO           50    .text.STOP_LED_Alarm  app_function.o
    0x00001d20   0x00001d20   0x000001c0   Code   RO           46    .text.SelectBabyMenu  app_function.o
    0x00001ee0   0x00001ee0   0x00000142   Code   RO           42    .text.SelectMainMenu  app_function.o
    0x00002022   0x00002022   0x00000002   PAD
    0x00002024   0x00002024   0x00000098   Code   RO          162    .text.Softtimer_Init  softtimer.o
    0x000020bc   0x000020bc   0x000000ca   Code   RO          168    .text.Softtimer_MainFunction  softtimer.o
    0x00002186   0x00002186   0x00000002   PAD
    0x00002188   0x00002188   0x00000064   Code   RO          164    .text.Softtimer_StartTimer  softtimer.o
    0x000021ec   0x000021ec   0x0000001e   Code   RO          166    .text.Softtimer_StopTimer  softtimer.o
    0x0000220a   0x0000220a   0x00000002   PAD
    0x0000220c   0x0000220c   0x00000010   Code   RO          170    .text.SysTick_Handler  softtimer.o
    0x0000221c   0x0000221c   0x00000052   Code   RO          301    .text.SystemInit    system_s32k144.o
    0x0000226e   0x0000226e   0x00000002   PAD
    0x00002270   0x00002270   0x000000c4   Code   RO          147    .text.UART1_CLK_ENABLE  clock.o
    0x00002334   0x00002334   0x0000003a   Code   RO          198    .text.UART1_GPIO_Config  lpuart.o
    0x0000236e   0x0000236e   0x00000002   PAD
    0x00002370   0x00002370   0x000000b8   Code   RO          206    .text.Uart_GetReceiveData  lpuart.o
    0x00002428   0x00002428   0x0000000c   Code   RO          208    .text.Uart_GetReceiveState  lpuart.o
    0x00002434   0x00002434   0x000000a4   Code   RO          196    .text.Uart_Init     lpuart.o
    0x000024d8   0x000024d8   0x00000052   Code   RO          210    .text.Uart_RxMainFunction  lpuart.o
    0x0000252a   0x0000252a   0x00000002   PAD
    0x0000252c   0x0000252c   0x0000007a   Code   RO          200    .text.Uart_Transmit  lpuart.o
    0x000025a6   0x000025a6   0x00000002   PAD
    0x000025a8   0x000025a8   0x00000082   Code   RO          204    .text.Uart_TxMainFunction  lpuart.o
    0x0000262a   0x0000262a   0x00000002   PAD
    0x0000262c   0x0000262c   0x000000c6   Code   RO           38    .text.Watch_Display  app_function.o
    0x000026f2   0x000026f2   0x00000002   PAD
    0x000026f4   0x000026f4   0x000000a0   Code   RO          284    .text.init_data_bss  startup.o
    0x00002794   0x00002794   0x0000000c   Code   RO            5    .text.main          main.o
    0x000027a0   0x000027a0   0x0000001a   Code   RO          422    x$fpl$fpinit        fz_wm.l(fpinit.o)
    0x000027ba   0x000027ba   0x00000002   PAD
    0x000027bc   0x000027bc   0x00000020   Data   RO          494    Region$$Table       anon$$obj.o


    Execution Region VECTOR_RAM (Exec base: 0x1fff8000, Load base: 0x00000230, Size: 0x00000400, Max: 0x00000400, ABSOLUTE)

    Exec Addr    Load Addr    Size         Type   Attr      Idx    E Section Name        Object

    0x1fff8000        -       0x00000400   Zero   RW            1    VECTOR_RAM.bss      anon$$obj.o


    Execution Region RW_m_data (Exec base: 0x1fff8400, Load base: 0x000027dc, Size: 0x0000000c, Max: 0xffffffff, ABSOLUTE)

    Exec Addr    Load Addr    Size         Type   Attr      Idx    E Section Name        Object

    0x1fff8400   0x000027dc   0x0000000a   Data   RW           52    .data.LED_ERR       app_function.o
    0x1fff840a   0x000027e6   0x00000001   Data   RW           68    .data.MAIN_MENU.PosNumber  app_function.o


    Execution Region RW_m_code (Exec base: 0x1fff840c, Load base: 0x000027e8, Size: 0x00000000, Max: 0x00007c00, ABSOLUTE)

    **** No section assigned to this execution region ****


    Execution Region RW_m_custom_section (Exec base: 0x20000000, Load base: 0x000027e8, Size: 0x00000000, Max: 0xffffffff, ABSOLUTE)

    **** No section assigned to this execution region ****


    Execution Region RW_m_data_2 (Exec base: 0x20000000, Load base: 0x000027e8, Size: 0x000001cc, Max: 0x00006800, ABSOLUTE)

    Exec Addr    Load Addr    Size         Type   Attr      Idx    E Section Name        Object

    0x20000000        -       0x00000001   Zero   RW           66    .bss.CheckTIMER_Alarm.Step  app_function.o
    0x20000001        -       0x00000001   Zero   RW           64    .bss.Check_Data_UART.CheckFrame  app_function.o
    0x20000002   0x000027e8   0x00000002   PAD
    0x20000004        -       0x00000004   Zero   RW          188    .bss.Count          lpit.o
    0x20000008        -       0x00000064   Zero   RW           55    .bss.Data_Read      app_function.o
    0x2000006c        -       0x00000001   Zero   RW           60    .bss.FlagHG         app_function.o
    0x2000006d        -       0x00000001   Zero   RW           63    .bss.FlagLedAlarm   app_function.o
    0x2000006e        -       0x00000001   Zero   RW           59    .bss.FlagStart      app_function.o
    0x2000006f   0x000027e8   0x00000001   PAD
    0x20000070        -       0x00000004   Zero   RW           53    .bss.GetButton1     app_function.o
    0x20000074        -       0x00000004   Zero   RW           54    .bss.GetButton2     app_function.o
    0x20000078        -       0x00000001   Zero   RW          220    .bss.Index_Read     lpuart.o
    0x20000079        -       0x00000001   Zero   RW          221    .bss.Index_Write    lpuart.o
    0x2000007a        -       0x00000001   Zero   RW           67    .bss.LED_Alarm.Step  app_function.o
    0x2000007b        -       0x00000001   Zero   RW           73    .bss.LED_Blink.StepBlink  app_function.o
    0x2000007c        -       0x00000004   Zero   RW           72    .bss.LED_Blink.TickBlink  app_function.o
    0x20000080        -       0x00000004   Zero   RW          223    .bss.LengthBufferRead  lpuart.o
    0x20000084        -       0x00000004   Zero   RW          217    .bss.LengthBufferSend  lpuart.o
    0x20000088        -       0x00000004   Zero   RW           56    .bss.Length_Data_Read  app_function.o
    0x2000008c        -       0x00000001   Zero   RW           69    .bss.MAIN_MENU.StepChoice  app_function.o
    0x2000008d        -       0x00000001   Zero   RW          215    .bss.Receive_State  lpuart.o
    0x2000008e   0x000027e8   0x00000002   PAD
    0x20000090        -       0x00000004   Zero   RW           75    .bss.SelectBabyMenu.LastButton1  app_function.o
    0x20000094        -       0x00000004   Zero   RW           76    .bss.SelectBabyMenu.LastButton2  app_function.o
    0x20000098        -       0x00000004   Zero   RW           74    .bss.SelectBabyMenu.Tickbutton  app_function.o
    0x2000009c        -       0x00000004   Zero   RW           70    .bss.SelectMainMenu.Tickbutton1  app_function.o
    0x200000a0        -       0x00000004   Zero   RW           71    .bss.SelectMainMenu.Tickbutton2  app_function.o
    0x200000a4        -       0x00000001   Zero   RW           61    .bss.SelectMenu     app_function.o
    0x200000a5        -       0x00000001   Zero   RW           62    .bss.SelectPosition  app_function.o
    0x200000a6        -       0x00000006   Zero   RW           65    .bss.SetTimer       app_function.o
    0x200000ac        -       0x00000064   Zero   RW          222    .bss.Software_Buffer_Read  lpuart.o
    0x20000110        -       0x00000064   Zero   RW          216    .bss.Software_Buffer_Send  lpuart.o
    0x20000174        -       0x00000001   Zero   RW          116    .bss.StateLED       gpio_isr.o
    0x20000175   0x000027e8   0x00000003   PAD
    0x20000178        -       0x0000003c   Zero   RW          172    .bss.TIMER          softtimer.o
    0x200001b4        -       0x00000004   Zero   RW          187    .bss.Tick_ms        lpit.o
    0x200001b8        -       0x00000004   Zero   RW          173    .bss.TimeCountMs    softtimer.o
    0x200001bc        -       0x00000001   Zero   RW           58    .bss.Time_Mode      app_function.o
    0x200001bd        -       0x00000001   Zero   RW          214    .bss.Transmit_State  lpuart.o
    0x200001be        -       0x00000001   Zero   RW          219    .bss.Uart_GetReceiveData.LengthCount  lpuart.o
    0x200001bf   0x000027e8   0x00000001   PAD
    0x200001c0        -       0x00000004   Zero   RW          218    .bss.Uart_TxMainFunction.idex  lpuart.o
    0x200001c4        -       0x00000006   Zero   RW           57    .bss.Watch          app_function.o


    Execution Region ARM_LIB_HEAP (Exec base: 0x200001cc, Load base: 0x000027e8, Size: 0x00000400, Max: 0x00000400, ABSOLUTE)

    Exec Addr    Load Addr    Size         Type   Attr      Idx    E Section Name        Object

    0x200001cc        -       0x00000400   Zero   RW            2    ARM_LIB_HEAP.bss    anon$$obj.o


    Execution Region ARM_LIB_STACK (Exec base: 0x20006c00, Load base: 0x000027e8, Size: 0x00000400, Max: 0x00000400, ABSOLUTE)

    Exec Addr    Load Addr    Size         Type   Attr      Idx    E Section Name        Object

    0x20006c00        -       0x00000400   Zero   RW            3    ARM_LIB_STACK.bss   anon$$obj.o


==============================================================================

Image component sizes


      Code (inc. data)   RO Data    RW Data    ZI Data      Debug   Object Name

      3666          0          0         11        159       6469   app_function.o
      1256          0          0          0          0       6141   clock.o
       800          0          0          0          0       2245   gpio.o
        98          0          0          0          1       1245   gpio_isr.o
       556          0          0          0          0       1987   led_max7219.o
       186          0          0          0          8       3750   lpit.o
       412          0          0          0          0       1994   lpspi.o
       760          0          0          0        217       5168   lpuart.o
        12          0          0          0          0        334   main.o
       154          0          0          0          0       3530   nvic.o
       500          0          0          0         64       1847   softtimer.o
       160          0          4          0          0       1046   startup.o
       156        106        576          0          0        904   startup_s32k144.o
        50          0          0          0          0       1740   string.o
        82          0          0          0          0       2816   system_s32k144.o

    ----------------------------------------------------------------------
      8908        106        612         12       3532      41216   Object Totals
         0          0         32          0       3072          0   (incl. Generated)
        60          0          0          1         11          0   (incl. Padding)

    ----------------------------------------------------------------------

      Code (inc. data)   RO Data    RW Data    ZI Data      Debug   Library Member Name

         8          0          0          0          0         68   __main.o
         0          0          0          0          0          0   __rtentry.o
        12          0          0          0          0          0   __rtentry2.o
         8          4          0          0          0          0   __rtentry7.o
        52          8          0          0          0          0   __scatter.o
        26          0          0          0          0          0   __scatter_copy.o
        28          0          0          0          0          0   __scatter_zi.o
        18          0          0          0          0         80   exit.o
         0          0          0          0          0          0   indicate_semi.o
         2          0          0          0          0          0   libinit.o
         6          0          0          0          0          0   libinit2.o
         2          0          0          0          0          0   libshutdown.o
         2          0          0          0          0          0   libshutdown2.o
         2          0          0          0          0          0   rtexit.o
        10          0          0          0          0          0   rtexit2.o
        12          4          0          0          0         68   sys_exit.o
         2          0          0          0          0         68   use_no_semi.o
        26          0          0          0          0        116   fpinit.o

    ----------------------------------------------------------------------
       220         16          0          0          0        400   Library Totals
         4          0          0          0          0          0   (incl. Padding)

    ----------------------------------------------------------------------

      Code (inc. data)   RO Data    RW Data    ZI Data      Debug   Library Name

       190         16          0          0          0        284   c_w.l
        26          0          0          0          0        116   fz_wm.l

    ----------------------------------------------------------------------
       220         16          0          0          0        400   Library Totals

    ----------------------------------------------------------------------

==============================================================================


      Code (inc. data)   RO Data    RW Data    ZI Data      Debug   

      9128        122        612         12       3532      41356   Grand Totals
      9128        122        612         12       3532      41356   ELF Image Totals
      9128        122        612         12          0          0   ROM Totals

==============================================================================

    Total RO  Size (Code + RO Data)                 9740 (   9.51kB)
    Total RW  Size (RW Data + ZI Data)              3544 (   3.46kB)
    Total ROM Size (Code + RO Data + RW Data)       9752 (   9.52kB)

==============================================================================

