<html>
<body>
<pre>
<h1>µVision Build Log</h1>
<h2>Tool Versions:</h2>
IDE-Version: µVision V5.38.0.0
Copyright (C) 2022 ARM Ltd and ARM Germany GmbH. All rights reserved.
License Information: nhan trong, vucom, LIC=YA39H-WVJR4-UH58H-W2ITH-QY6S7-GQVRY
 
Tool Versions:
Toolchain:       MDK-ARM Plus  Version: 5.38.0.0
Toolchain Path:  C:\Keil_v5\ARM\ARMCLANG\Bin
C Compiler:      ArmClang.exe V6.19
Assembler:       Armasm.exe V6.19
Linker/Locator:  ArmLink.exe V6.19
Library Manager: ArmAr.exe V6.19
Hex Converter:   FromElf.exe V6.19
CPU DLL:         SARMCM3.DLL V5.38.0.0
Dialog DLL:      DCM.DLL V1.17.5.0
Target DLL:      PEMicro\Pemicro_ArmCortexInterface.dll V1.3.0.0
Dialog DLL:      TCM.DLL V1.56.4.0
 
<h2>Project:</h2>
D:\CODE\EMB\MockProject\MockProject.uvprojx
Project File Date:  09/06/2023

<h2>Output:</h2>
*** Using Compiler 'V6.19', folder: 'C:\Keil_v5\ARM\ARMCLANG\Bin'
Rebuild target 'Target 1'
compiling Gpio_Isr.c...
compiling main.c...
Nvic.c(2): warning: In file included from...
./Nvic.h(6): warning: In file included from...
./Nvic_Register.h(20): warning: padding struct 'NVIC_Typedef' with 3 bytes to align 'STIR' [-Wpadded]
  volatile unsigned int STIR;          
                        ^
1 warning generated.
compiling Nvic.c...
compiling Softtimer.c...
compiling Gpio.c...
compiling Clock.c...
compiling APP_FUNCTION.c...
compiling Lpit.c...
compiling Lpuart.c...
compiling Lpspi.c...
compiling String.c...
compiling LED_MAX7219.c...
compiling startup.c...
compiling system_S32K144.c...
assembling startup_S32K144.S...
linking...
Program Size: Code=9128 RO-data=612 RW-data=12 ZI-data=3532  
FromELF: creating hex file...
".\Objects\MockProject.axf" - 0 Error(s), 1 Warning(s).

<h2>Software Packages used:</h2>

Package Vendor: ARM
                http://www.keil.com/pack/ARM.CMSIS.5.9.0.pack
                ARM.CMSIS.5.9.0
                CMSIS (Common Microcontroller Software Interface Standard)
   * Component: CORE Version: 5.6.0

Package Vendor: Keil
                http://www.keil.com/pack/Keil.S32_SDK_DFP.1.5.0.pack
                Keil.S32_SDK_DFP.1.5.0
                NXP S32 SDK S32K14x Device Support
   * Component: Startup Version: 2.0.0

<h2>Collection of Component include folders:</h2>
  ./RTE/Device/S32K144HAxxxLLx
  ./RTE/_Target_1
  C:/Users/Dell/AppData/Local/Arm/Packs/ARM/CMSIS/5.9.0/CMSIS/Core/Include
  C:/Users/Dell/AppData/Local/Arm/Packs/Keil/S32_SDK_DFP/1.5.0/platform/devices
  C:/Users/Dell/AppData/Local/Arm/Packs/Keil/S32_SDK_DFP/1.5.0/platform/devices/common

<h2>Collection of Component Files used:</h2>

   * Component: ARM::CMSIS:CORE:5.6.0

   * Component: Keil::Device:Startup:2.0.0
      Source file:   platform/devices/S32K144/startup/system_S32K144.c
      Include file:  platform/devices/device_registers.h
      Include file:  platform/devices/S32K144/startup/system_S32K144.h
      Source file:   platform/devices/startup.c
      Source file:   platform/devices/S32K144/startup/armc/startup_S32K144.S
Build Time Elapsed:  00:00:01
</pre>
</body>
</html>
